Component: ARM Compiler 5.05 update 1 (build 106) Tool: armlink [4d0efa]

==============================================================================

Section Cross References

    main.o(i.dayou) refers to pwm.o(i.move) for move
    main.o(i.dayou) refers to delay.o(i.delay_ms) for delay_ms
    main.o(i.dayou) refers to stm32f10x_gpio.o(i.GPIO_ReadInputData) for GPIO_ReadInputData
    main.o(i.dayou) refers to main.o(.data) for i
    main.o(i.dazuo) refers to pwm.o(i.move) for move
    main.o(i.dazuo) refers to delay.o(i.delay_ms) for delay_ms
    main.o(i.dazuo) refers to stm32f10x_gpio.o(i.GPIO_ReadInputData) for GPIO_ReadInputData
    main.o(i.dazuo) refers to main.o(.data) for i
    main.o(i.main) refers to delay.o(i.delay_init) for delay_init
    main.o(i.main) refers to usart.o(i.uart_init) for uart_init
    main.o(i.main) refers to io.o(i.IO_Init) for IO_Init
    main.o(i.main) refers to led.o(i.LED_Init) for LED_Init
    main.o(i.main) refers to timer.o(i.TIM1_PWM_Init) for TIM1_PWM_Init
    main.o(i.main) refers to timer.o(i.TIM4_PWM_Init) for TIM4_PWM_Init
    main.o(i.main) refers to adc.o(i.Adc_Init) for Adc_Init
    main.o(i.main) refers to mpu6050.o(i.MPU_Init) for MPU_Init
    main.o(i.main) refers to inv_mpu.o(i.mpu_dmp_init) for mpu_dmp_init
    main.o(i.main) refers to delay.o(i.delay_ms) for delay_ms
    main.o(i.main) refers to stm32f10x_usart.o(i.USART_ReceiveData) for USART_ReceiveData
    main.o(i.main) refers to stm32f10x_usart.o(i.USART_SendData) for USART_SendData
    main.o(i.main) refers to pwm.o(i.move) for move
    main.o(i.main) refers to inv_mpu.o(i.mpu_dmp_get_data) for mpu_dmp_get_data
    main.o(i.main) refers to frleqf.o(x$fpl$frleqf) for __aeabi_cfrcmple
    main.o(i.main) refers to fleqf.o(x$fpl$fleqf) for __aeabi_cfcmple
    main.o(i.main) refers to stm32f10x_gpio.o(i.GPIO_ReadInputData) for GPIO_ReadInputData
    main.o(i.main) refers to faddsub_clz.o(x$fpl$fsub) for __aeabi_fsub
    main.o(i.main) refers to adc.o(i.Get_Adc_Average) for Get_Adc_Average
    main.o(i.main) refers to pwm.o(i.fire) for fire
    main.o(i.main) refers to usart.o(.data) for USART_RX_STA
    main.o(i.main) refers to main.o(.data) for m
    main.o(i.main) refers to main.o(i.zhidong1) for zhidong1
    main.o(i.main) refers to main.o(i.zhidong2) for zhidong2
    main.o(i.main) refers to main.o(i.dayou) for dayou
    main.o(i.main) refers to main.o(i.dazuo) for dazuo
    main.o(i.zhidong1) refers to pwm.o(i.move) for move
    main.o(i.zhidong1) refers to delay.o(i.delay_ms) for delay_ms
    main.o(i.zhidong1) refers to main.o(.data) for f
    main.o(i.zhidong2) refers to pwm.o(i.move) for move
    main.o(i.zhidong2) refers to delay.o(i.delay_ms) for delay_ms
    main.o(i.zhidong2) refers to main.o(.data) for f
    system_stm32f10x.o(i.SetSysClock) refers to system_stm32f10x.o(i.SetSysClockTo72) for SetSysClockTo72
    system_stm32f10x.o(i.SystemCoreClockUpdate) refers to system_stm32f10x.o(.data) for SystemCoreClock
    system_stm32f10x.o(i.SystemInit) refers to system_stm32f10x.o(i.SetSysClock) for SetSysClock
    delay.o(i.delay_init) refers to misc.o(i.SysTick_CLKSourceConfig) for SysTick_CLKSourceConfig
    delay.o(i.delay_init) refers to system_stm32f10x.o(.data) for SystemCoreClock
    delay.o(i.delay_init) refers to delay.o(.data) for fac_us
    delay.o(i.delay_ms) refers to delay.o(.data) for fac_ms
    delay.o(i.delay_us) refers to delay.o(.data) for fac_us
    usart.o(i.USART1_IRQHandler) refers (Special) to use_no_semi_2.o(.text) for __use_no_semihosting
    usart.o(i.USART1_IRQHandler) refers to stm32f10x_usart.o(i.USART_GetITStatus) for USART_GetITStatus
    usart.o(i.USART1_IRQHandler) refers to stm32f10x_usart.o(i.USART_ReceiveData) for USART_ReceiveData
    usart.o(i.USART1_IRQHandler) refers to usart.o(.data) for res
    usart.o(i.Uart1SendData) refers (Special) to use_no_semi_2.o(.text) for __use_no_semihosting
    usart.o(i.Uart1SendData) refers to stm32f10x_usart.o(i.USART_SendData) for USART_SendData
    usart.o(i.Uart1SendData) refers to stm32f10x_usart.o(i.USART_GetFlagStatus) for USART_GetFlagStatus
    usart.o(i.Uart2SendData) refers (Special) to use_no_semi_2.o(.text) for __use_no_semihosting
    usart.o(i.Uart2SendData) refers to stm32f10x_usart.o(i.USART_SendData) for USART_SendData
    usart.o(i.Uart2SendData) refers to stm32f10x_usart.o(i.USART_GetFlagStatus) for USART_GetFlagStatus
    usart.o(i._sys_exit) refers (Special) to use_no_semi_2.o(.text) for __use_no_semihosting
    usart.o(i.fputc) refers (Special) to use_no_semi_2.o(.text) for __use_no_semihosting
    usart.o(i.uart2_init) refers (Special) to use_no_semi_2.o(.text) for __use_no_semihosting
    usart.o(i.uart2_init) refers to stm32f10x_rcc.o(i.RCC_APB1PeriphClockCmd) for RCC_APB1PeriphClockCmd
    usart.o(i.uart2_init) refers to stm32f10x_gpio.o(i.GPIO_Init) for GPIO_Init
    usart.o(i.uart2_init) refers to misc.o(i.NVIC_Init) for NVIC_Init
[...]
    i._sys_exit                              0x08001d06   Section        0  usart.o(i._sys_exit)
    i.accel_self_test                        0x08001d0c   Section        0  inv_mpu.o(i.accel_self_test)
    accel_self_test                          0x08001d0d   Thumb Code   164  inv_mpu.o(i.accel_self_test)
    i.asin                                   0x08001db4   Section        0  asin.o(i.asin)
    i.atan                                   0x08002024   Section        0  atan.o(i.atan)
    i.atan2                                  0x08002244   Section        0  atan2.o(i.atan2)
    i.dayou                                  0x080023c4   Section        0  main.o(i.dayou)
    i.dazuo                                  0x08002410   Section        0  main.o(i.dazuo)
    i.decode_gesture                         0x0800245c   Section        0  inv_mpu_dmp_motion_driver.o(i.decode_gesture)
    decode_gesture                           0x0800245d   Thumb Code    94  inv_mpu_dmp_motion_driver.o(i.decode_gesture)
    i.delay_init                             0x080024c0   Section        0  delay.o(i.delay_init)
    i.delay_ms                               0x08002504   Section        0  delay.o(i.delay_ms)
    i.delay_us                               0x08002550   Section        0  delay.o(i.delay_us)
    i.dmp_enable_6x_lp_quat                  0x0800259c   Section        0  inv_mpu_dmp_motion_driver.o(i.dmp_enable_6x_lp_quat)
    i.dmp_enable_feature                     0x080025d8   Section        0  inv_mpu_dmp_motion_driver.o(i.dmp_enable_feature)
    i.dmp_enable_gyro_cal                    0x080027f4   Section        0  inv_mpu_dmp_motion_driver.o(i.dmp_enable_gyro_cal)
    i.dmp_enable_lp_quat                     0x0800284c   Section        0  inv_mpu_dmp_motion_driver.o(i.dmp_enable_lp_quat)
    i.dmp_load_motion_driver_firmware        0x08002888   Section        0  inv_mpu_dmp_motion_driver.o(i.dmp_load_motion_driver_firmware)
    i.dmp_read_fifo                          0x080028a0   Section        0  inv_mpu_dmp_motion_driver.o(i.dmp_read_fifo)
    i.dmp_set_accel_bias                     0x08002a6c   Section        0  inv_mpu_dmp_motion_driver.o(i.dmp_set_accel_bias)
    i.dmp_set_fifo_rate                      0x08002b9c   Section        0  inv_mpu_dmp_motion_driver.o(i.dmp_set_fifo_rate)
    i.dmp_set_gyro_bias                      0x08002c0c   Section        0  inv_mpu_dmp_motion_driver.o(i.dmp_set_gyro_bias)
    i.dmp_set_orientation                    0x08002d3c   Section        0  inv_mpu_dmp_motion_driver.o(i.dmp_set_orientation)
    i.dmp_set_shake_reject_thresh            0x08002e74   Section        0  inv_mpu_dmp_motion_driver.o(i.dmp_set_shake_reject_thresh)
    i.dmp_set_shake_reject_time              0x08002eac   Section        0  inv_mpu_dmp_motion_driver.o(i.dmp_set_shake_reject_time)
    i.dmp_set_shake_reject_timeout           0x08002ed2   Section        0  inv_mpu_dmp_motion_driver.o(i.dmp_set_shake_reject_timeout)
    i.dmp_set_tap_axes                       0x08002ef8   Section        0  inv_mpu_dmp_motion_driver.o(i.dmp_set_tap_axes)
    i.dmp_set_tap_count                      0x08002f3e   Section        0  inv_mpu_dmp_motion_driver.o(i.dmp_set_tap_count)
    i.dmp_set_tap_thresh                     0x08002f64   Section        0  inv_mpu_dmp_motion_driver.o(i.dmp_set_tap_thresh)
    i.dmp_set_tap_time                       0x08003104   Section        0  inv_mpu_dmp_motion_driver.o(i.dmp_set_tap_time)
    i.dmp_set_tap_time_multi                 0x0800312a   Section        0  inv_mpu_dmp_motion_driver.o(i.dmp_set_tap_time_multi)
    i.fire                                   0x08003150   Section        0  pwm.o(i.fire)
    i.fputc                                  0x08003190   Section        0  usart.o(i.fputc)
    i.get_accel_prod_shift                   0x080031ac   Section        0  inv_mpu.o(i.get_accel_prod_shift)
    get_accel_prod_shift                     0x080031ad   Thumb Code   168  inv_mpu.o(i.get_accel_prod_shift)
    i.get_st_biases                          0x08003260   Section        0  inv_mpu.o(i.get_st_biases)
    get_st_biases                            0x08003261   Thumb Code  1132  inv_mpu.o(i.get_st_biases)
    i.gyro_self_test                         0x080036d0   Section        0  inv_mpu.o(i.gyro_self_test)
    gyro_self_test                           0x080036d1   Thumb Code   256  inv_mpu.o(i.gyro_self_test)
    i.inv_orientation_matrix_to_scalar       0x080037e0   Section        0  inv_mpu.o(i.inv_orientation_matrix_to_scalar)
    i.inv_row_2_scale                        0x08003808   Section        0  inv_mpu.o(i.inv_row_2_scale)
    i.main                                   0x08003858   Section        0  main.o(i.main)
    i.mget_ms                                0x08004024   Section        0  inv_mpu.o(i.mget_ms)
    i.move                                   0x08004028   Section        0  pwm.o(i.move)
    i.mpu_configure_fifo                     0x080040e8   Section        0  inv_mpu.o(i.mpu_configure_fifo)
    i.mpu_dmp_get_data                       0x08004158   Section        0  inv_mpu.o(i.mpu_dmp_get_data)
    i.mpu_dmp_init                           0x0800437c   Section        0  inv_mpu.o(i.mpu_dmp_init)
    i.mpu_get_accel_fsr                      0x08004418   Section        0  inv_mpu.o(i.mpu_get_accel_fsr)
    i.mpu_get_accel_sens                     0x08004464   Section        0  inv_mpu.o(i.mpu_get_accel_sens)
    i.mpu_get_fifo_config                    0x080044b8   Section        0  inv_mpu.o(i.mpu_get_fifo_config)
    i.mpu_get_gyro_fsr                       0x080044c8   Section        0  inv_mpu.o(i.mpu_get_gyro_fsr)
    i.mpu_get_gyro_sens                      0x0800450c   Section        0  inv_mpu.o(i.mpu_get_gyro_sens)
    i.mpu_get_lpf                            0x0800455c   Section        0  inv_mpu.o(i.mpu_get_lpf)
    i.mpu_get_sample_rate                    0x080045ac   Section        0  inv_mpu.o(i.mpu_get_sample_rate)
    i.mpu_init                               0x080045cc   Section        0  inv_mpu.o(i.mpu_init)
    i.mpu_load_firmware                      0x080047bc   Section        0  inv_mpu.o(i.mpu_load_firmware)
    i.mpu_lp_accel_mode                      0x08004874   Section        0  inv_mpu.o(i.mpu_lp_accel_mode)
    i.mpu_read_fifo_stream                   0x08004954   Section        0  inv_mpu.o(i.mpu_read_fifo_stream)
    i.mpu_read_mem                           0x08004a14   Section        0  inv_mpu.o(i.mpu_read_mem)
    i.mpu_reset_fifo                         0x08004a94   Section        0  inv_mpu.o(i.mpu_reset_fifo)
    i.mpu_run_self_test                      0x08004c5c   Section        0  inv_mpu.o(i.mpu_run_self_test)
    i.mpu_set_accel_fsr                      0x08004d78   Section        0  inv_mpu.o(i.mpu_set_accel_fsr)
    i.mpu_set_bypass                         0x08004dfc   Section        0  inv_mpu.o(i.mpu_set_bypass)
    i.mpu_set_dmp_state                      0x08004f48   Section        0  inv_mpu.o(i.mpu_set_dmp_state)
    i.mpu_set_gyro_fsr                       0x08004fd8   Section        0  inv_mpu.o(i.mpu_set_gyro_fsr)
    i.mpu_set_int_latched                    0x08005060   Section        0  inv_mpu.o(i.mpu_set_int_latched)
    i.mpu_set_lpf                            0x080050cc   Section        0  inv_mpu.o(i.mpu_set_lpf)
    i.mpu_set_sample_rate                    0x08005150   Section        0  inv_mpu.o(i.mpu_set_sample_rate)
    i.mpu_set_sensors                        0x080051ec   Section        0  inv_mpu.o(i.mpu_set_sensors)
    i.mpu_write_mem                          0x080052bc   Section        0  inv_mpu.o(i.mpu_write_mem)
    i.run_self_test                          0x0800533c   Section        0  inv_mpu.o(i.run_self_test)
    i.set_int_enable                         0x080053d0   Section        0  inv_mpu.o(i.set_int_enable)
    set_int_enable                           0x080053d1   Thumb Code   138  inv_mpu.o(i.set_int_enable)
    i.sqrt                                   0x08005460   Section        0  sqrt.o(i.sqrt)
    i.uart_init                              0x080054ac   Section        0  usart.o(i.uart_init)
    i.zhidong1                               0x0800554c   Section        0  main.o(i.zhidong1)
    i.zhidong2                               0x080055d8   Section        0  main.o(i.zhidong2)
    x$fpl$d2f                                0x08005648   Section       98  d2f.o(x$fpl$d2f)
    x$fpl$dadd                               0x080056ac   Section      336  daddsub_clz.o(x$fpl$dadd)
    _dadd1                                   0x080056bd   Thumb Code     0  daddsub_clz.o(x$fpl$dadd)
    x$fpl$dcheck1                            0x080057fc   Section       16  dcheck1.o(x$fpl$dcheck1)
    x$fpl$ddiv                               0x0800580c   Section      688  ddiv.o(x$fpl$ddiv)
    ddiv_entry                               0x08005813   Thumb Code     0  ddiv.o(x$fpl$ddiv)
    x$fpl$dmul                               0x08005abc   Section      340  dmul.o(x$fpl$dmul)
    x$fpl$dnaninf                            0x08005c10   Section      156  dnaninf.o(x$fpl$dnaninf)
    x$fpl$dretinf                            0x08005cac   Section       12  dretinf.o(x$fpl$dretinf)
    x$fpl$drsb                               0x08005cb8   Section       22  daddsub_clz.o(x$fpl$drsb)
    x$fpl$dsqrt                              0x08005cd0   Section      460  dsqrt_noumaal.o(x$fpl$dsqrt)
    x$fpl$dsub                               0x08005e9c   Section      468  daddsub_clz.o(x$fpl$dsub)
    _dsub1                                   0x08005ead   Thumb Code     0  daddsub_clz.o(x$fpl$dsub)
    x$fpl$f2d                                0x08006070   Section       86  f2d.o(x$fpl$f2d)
    x$fpl$fadd                               0x080060c8   Section      196  faddsub_clz.o(x$fpl$fadd)
    _fadd1                                   0x080060d7   Thumb Code     0  faddsub_clz.o(x$fpl$fadd)
    x$fpl$fcmpinf                            0x0800618c   Section       24  fcmpi.o(x$fpl$fcmpinf)
    x$fpl$fdiv                               0x080061a4   Section      388  fdiv.o(x$fpl$fdiv)
    _fdiv1                                   0x080061a5   Thumb Code     0  fdiv.o(x$fpl$fdiv)
    x$fpl$feqf                               0x08006328   Section      104  feqf.o(x$fpl$feqf)
    x$fpl$ffix                               0x08006390   Section       54  ffix.o(x$fpl$ffix)
    x$fpl$ffixu                              0x080063c8   Section       62  ffixu.o(x$fpl$ffixu)
    x$fpl$fflt                               0x08006408   Section       48  fflt_clz.o(x$fpl$fflt)
    x$fpl$ffltu                              0x08006438   Section       38  fflt_clz.o(x$fpl$ffltu)
    x$fpl$fleqf                              0x08006460   Section      104  fleqf.o(x$fpl$fleqf)
    x$fpl$fmul                               0x080064c8   Section      258  fmul.o(x$fpl$fmul)
    x$fpl$fnaninf                            0x080065ca   Section      140  fnaninf.o(x$fpl$fnaninf)
    x$fpl$fretinf                            0x08006656   Section       10  fretinf.o(x$fpl$fretinf)
    x$fpl$frleqf                             0x08006660   Section       98  frleqf.o(x$fpl$frleqf)
    x$fpl$fsub                               0x080066c4   Section      234  faddsub_clz.o(x$fpl$fsub)
    _fsub1                                   0x080066d3   Thumb Code     0  faddsub_clz.o(x$fpl$fsub)
    x$fpl$retnan                             0x080067ae   Section      100  retnan.o(x$fpl$retnan)
    x$fpl$scalbn                             0x08006812   Section       92  scalbn.o(x$fpl$scalbn)
    x$fpl$trapveneer                         0x0800686e   Section       48  trapv.o(x$fpl$trapveneer)
    x$fpl$usenofp                            0x0800689e   Section        0  usenofp.o(x$fpl$usenofp)
    .constdata                               0x080068a0   Section       80  inv_mpu.o(.constdata)
    .constdata                               0x080068f0   Section     3062  inv_mpu_dmp_motion_driver.o(.constdata)
    dmp_memory                               0x080068f0   Data        3062  inv_mpu_dmp_motion_driver.o(.constdata)
    .constdata                               0x080074e6   Section       17  __printf_flags_wp.o(.constdata)
    maptable                                 0x080074e6   Data          17  __printf_flags_wp.o(.constdata)
    .constdata                               0x080074f8   Section       80  asin.o(.constdata)
    pS                                       0x080074f8   Data          48  asin.o(.constdata)
    qS                                       0x08007528   Data          32  asin.o(.constdata)
    .constdata                               0x08007548   Section      152  atan.o(.constdata)
    atanhi                                   0x08007548   Data          32  atan.o(.constdata)
    atanlo                                   0x08007568   Data          32  atan.o(.constdata)
    aTodd                                    0x08007588   Data          40  atan.o(.constdata)
    aTeven                                   0x080075b0   Data          48  atan.o(.constdata)
    .constdata                               0x080075e0   Section        8  qnan.o(.constdata)
    .conststring                             0x080075e8   Section       77  inv_mpu.o(.conststring)
    .data                                    0x20000000   Section       28  main.o(.data)
    .data                                    0x2000001c   Section       20  system_stm32f10x.o(.data)
    .data                                    0x20000030   Section        4  delay.o(.data)
    fac_us                                   0x20000030   Data           1  delay.o(.data)
    fac_ms                                   0x20000032   Data           2  delay.o(.data)
    .data                                    0x20000034   Section       11  usart.o(.data)
    .data                                    0x2000003f   Section       20  stm32f10x_rcc.o(.data)
    APBAHBPrescTable                         0x2000003f   Data          16  stm32f10x_rcc.o(.data)
    ADCPrescTable                            0x2000004f   Data           4  stm32f10x_rcc.o(.data)
    .data                                    0x20000054   Section       53  inv_mpu.o(.data)
    st                                       0x20000054   Data          44  inv_mpu.o(.data)
    gyro_orientation                         0x20000080   Data           9  inv_mpu.o(.data)
    .bss                                     0x2000008c   Section       16  inv_mpu_dmp_motion_driver.o(.bss)
    dmp                                      0x2000008c   Data          16  inv_mpu_dmp_motion_driver.o(.bss)
    .bss                                     0x2000009c   Section       96  libspace.o(.bss)
    HEAP                                     0x20000100   Section      512  startup_stm32f10x_hd.o(HEAP)
    Heap_Mem                                 0x20000100   Data         512  startup_stm32f10x_hd.o(HEAP)
    STACK                                    0x20000300   Section     1024  startup_stm32f10x_hd.o(STACK)
    Stack_Mem                                0x20000300   Data        1024  startup_stm32f10x_hd.o(STACK)
    __initial_sp                             0x20000700   Data           0  startup_stm32f10x_hd.o(STACK)

    Global Symbols

    Symbol Name                              Value     Ov Type        Size  Object(Section)

    BuildAttributes$$THM_ISAv4$P$D$K$B$S$PE$A:L22UL41UL21$X:L11$S22US41US21$IEEE1$IW$USESV6$~STKCKD$USESV7$~SHL$OTIME$ROPI$IEEEX$EBA8$UX$STANDARDLIB$REQ8$PRES8$EABIv2 0x00000000   Number         0  anon$$obj.o ABSOLUTE
    __ARM_use_no_argv                        0x00000000   Number         0  main.o ABSOLUTE
    _printf_flags                            0x00000000   Number         0  printf_stubs.o ABSOLUTE
    _printf_return_value                     0x00000000   Number         0  printf_stubs.o ABSOLUTE
    _printf_sizespec                         0x00000000   Number         0  printf_stubs.o ABSOLUTE
    _printf_widthprec                        0x00000000   Number         0  printf_stubs.o ABSOLUTE
    __ARM_exceptions_init                     - Undefined Weak Reference
    __alloca_initialize                       - Undefined Weak Reference
    __arm_preinit_                            - Undefined Weak Reference
    __cpp_initialize__aeabi_                  - Undefined Weak Reference
    __cxa_finalize                            - Undefined Weak Reference
    __rt_locale                               - Undefined Weak Reference
    __sigvec_lookup                           - Undefined Weak Reference
    _atexit_init                              - Undefined Weak Reference
    _call_atexit_fns                          - Undefined Weak Reference
    _clock_init                               - Undefined Weak Reference
    _fp_trap_init                             - Undefined Weak Reference
    _fp_trap_shutdown                         - Undefined Weak Reference
    _get_lc_collate                           - Undefined Weak Reference
    _get_lc_ctype                             - Undefined Weak Reference
    _get_lc_monetary                          - Undefined Weak Reference
    _get_lc_numeric                           - Undefined Weak Reference
    _get_lc_time                              - Undefined Weak Reference
    _getenv_init                              - Undefined Weak Reference
    _handle_redirection                       - Undefined Weak Reference
    _init_alloc                               - Undefined Weak Reference
    _init_user_alloc                          - Undefined Weak Reference
    _initio                                   - Undefined Weak Reference
    _mutex_acquire                            - Undefined Weak Reference
    _mutex_release                            - Undefined Weak Reference
    _printf_truncate_signed                   - Undefined Weak Reference
    _printf_truncate_unsigned                 - Undefined Weak Reference
    _rand_init                                - Undefined Weak Reference
    _signal_finish                            - Undefined Weak Reference
    _signal_init                              - Undefined Weak Reference
    _terminate_alloc                          - Undefined Weak Reference
    _terminate_user_alloc                     - Undefined Weak Reference
    _terminateio                              - Undefined Weak Reference
    __Vectors_Size                           0x00000130   Number         0  startup_stm32f10x_hd.o ABSOLUTE
    __Vectors                                0x08000000   Data           4  startup_stm32f10x_hd.o(RESET)
    __Vectors_End                            0x08000130   Data           0  startup_stm32f10x_hd.o(RESET)
    __main                                   0x08000131   Thumb Code     8  __main.o(!!!main)
    __scatterload                            0x08000139   Thumb Code     0  __scatter.o(!!!scatter)
    __scatterload_rt2                        0x08000139   Thumb Code    44  __scatter.o(!!!scatter)
    __scatterload_rt2_thumb_only             0x08000139   Thumb Code     0  __scatter.o(!!!scatter)
    __scatterload_null                       0x08000147   Thumb Code     0  __scatter.o(!!!scatter)
    __scatterload_copy                       0x0800016d   Thumb Code    26  __scatter_copy.o(!!handler_copy)
    __scatterload_zeroinit                   0x08000189   Thumb Code    28  __scatter_zi.o(!!handler_zi)
    _printf_d                                0x080001a5   Thumb Code     0  _printf_d.o(.ARM.Collect$$_printf_percent$$00000009)
    _printf_percent                          0x080001a5   Thumb Code     0  _printf_percent.o(.ARM.Collect$$_printf_percent$$00000000)
    _printf_percent_end                      0x080001ab   Thumb Code     0  _printf_percent_end.o(.ARM.Collect$$_printf_percent$$00000017)
    __rt_lib_init                            0x080001af   Thumb Code     0  libinit.o(.ARM.Collect$$libinit$$00000000)
    __rt_lib_init_alloca_1                   0x080001b1   Thumb Code     0  libinit2.o(.ARM.Collect$$libinit$$0000002E)
    __rt_lib_init_argv_1                     0x080001b1   Thumb Code     0  libinit2.o(.ARM.Collect$$libinit$$0000002C)
    __rt_lib_init_atexit_1                   0x080001b1   Thumb Code     0  libinit2.o(.ARM.Collect$$libinit$$0000001B)
    __rt_lib_init_clock_1                    0x080001b1   Thumb Code     0  libinit2.o(.ARM.Collect$$libinit$$00000021)
    __rt_lib_init_cpp_1                      0x080001b1   Thumb Code     0  libinit2.o(.ARM.Collect$$libinit$$00000032)
    __rt_lib_init_exceptions_1               0x080001b1   Thumb Code     0  libinit2.o(.ARM.Collect$$libinit$$00000030)
    __rt_lib_init_fp_1                       0x080001b1   Thumb Code     0  libinit2.o(.ARM.Collect$$libinit$$00000002)
    __rt_lib_init_fp_trap_1                  0x080001b1   Thumb Code     0  libinit2.o(.ARM.Collect$$libinit$$0000001F)
    __rt_lib_init_getenv_1                   0x080001b1   Thumb Code     0  libinit2.o(.ARM.Collect$$libinit$$00000023)
    __rt_lib_init_heap_1                     0x080001b1   Thumb Code     0  libinit2.o(.ARM.Collect$$libinit$$0000000A)
    __rt_lib_init_lc_collate_1               0x080001b1   Thumb Code     0  libinit2.o(.ARM.Collect$$libinit$$00000011)
    __rt_lib_init_lc_ctype_1                 0x080001b1   Thumb Code     0  libinit2.o(.ARM.Collect$$libinit$$00000013)
    __rt_lib_init_lc_monetary_1              0x080001b1   Thumb Code     0  libinit2.o(.ARM.Collect$$libinit$$00000015)
    __rt_lib_init_lc_numeric_1               0x080001b1   Thumb Code     0  libinit2.o(.ARM.Collect$$libinit$$00000017)
    __rt_lib_init_lc_time_1                  0x080001b1   Thumb Code     0  libinit2.o(.ARM.Collect$$libinit$$00000019)
    __rt_lib_init_preinit_1                  0x080001b1   Thumb Code     0  libinit2.o(.ARM.Collect$$libinit$$00000004)
    __rt_lib_init_rand_1                     0x080001b1   Thumb Code     0  libinit2.o(.ARM.Collect$$libinit$$0000000E)
    __rt_lib_init_return                     0x080001b1   Thumb Code     0  libinit2.o(.ARM.Collect$$libinit$$00000033)
    __rt_lib_init_signal_1                   0x080001b1   Thumb Code     0  libinit2.o(.ARM.Collect$$libinit$$0000001D)
    __rt_lib_init_stdio_1                    0x080001b1   Thumb Code     0  libinit2.o(.ARM.Collect$$libinit$$00000025)
    __rt_lib_init_user_alloc_1               0x080001b1   Thumb Code     0  libinit2.o(.ARM.Collect$$libinit$$0000000C)
    __rt_lib_shutdown                        0x080001b3   Thumb Code     0  libshutdown.o(.ARM.Collect$$libshutdown$$00000000)
    __rt_lib_shutdown_fp_trap_1              0x080001b5   Thumb Code     0  libshutdown2.o(.ARM.Collect$$libshutdown$$00000006)
    __rt_lib_shutdown_heap_1                 0x080001b5   Thumb Code     0  libshutdown2.o(.ARM.Collect$$libshutdown$$0000000E)
    __rt_lib_shutdown_return                 0x080001b5   Thumb Code     0  libshutdown2.o(.ARM.Collect$$libshutdown$$0000000F)
    __rt_lib_shutdown_signal_1               0x080001b5   Thumb Code     0  libshutdown2.o(.ARM.Collect$$libshutdown$$00000009)
    __rt_lib_shutdown_stdio_1                0x080001b5   Thumb Code     0  libshutdown2.o(.ARM.Collect$$libshutdown$$00000003)
    __rt_lib_shutdown_user_alloc_1           0x080001b5   Thumb Code     0  libshutdown2.o(.ARM.Collect$$libshutdown$$0000000B)
    __rt_entry                               0x080001b7   Thumb Code     0  __rtentry.o(.ARM.Collect$$rtentry$$00000000)
    __rt_entry_presh_1                       0x080001b7   Thumb Code     0  __rtentry2.o(.ARM.Collect$$rtentry$$00000002)
    __rt_entry_sh                            0x080001b7   Thumb Code     0  __rtentry4.o(.ARM.Collect$$rtentry$$00000004)
    __rt_entry_li                            0x080001bd   Thumb Code     0  __rtentry2.o(.ARM.Collect$$rtentry$$0000000A)
    __rt_entry_postsh_1                      0x080001bd   Thumb Code     0  __rtentry2.o(.ARM.Collect$$rtentry$$00000009)
    __rt_entry_main                          0x080001c1   Thumb Code     0  __rtentry2.o(.ARM.Collect$$rtentry$$0000000D)
    __rt_entry_postli_1                      0x080001c1   Thumb Code     0  __rtentry2.o(.ARM.Collect$$rtentry$$0000000C)
    __rt_exit                                0x080001c9   Thumb Code     0  rtexit.o(.ARM.Collect$$rtexit$$00000000)
    __rt_exit_ls                             0x080001cb   Thumb Code     0  rtexit2.o(.ARM.Collect$$rtexit$$00000003)
    __rt_exit_prels_1                        0x080001cb   Thumb Code     0  rtexit2.o(.ARM.Collect$$rtexit$$00000002)
    __rt_exit_exit                           0x080001cf   Thumb Code     0  rtexit2.o(.ARM.Collect$$rtexit$$00000004)
    Reset_Handler                            0x080001d5   Thumb Code     8  startup_stm32f10x_hd.o(.text)
    ADC1_2_IRQHandler                        0x080001ef   Thumb Code     0  startup_stm32f10x_hd.o(.text)
    ADC3_IRQHandler                          0x080001ef   Thumb Code     0  startup_stm32f10x_hd.o(.text)
    CAN1_RX1_IRQHandler                      0x080001ef   Thumb Code     0  startup_stm32f10x_hd.o(.text)
    CAN1_SCE_IRQHandler                      0x080001ef   Thumb Code     0  startup_stm32f10x_hd.o(.text)
    DMA1_Channel1_IRQHandler                 0x080001ef   Thumb Code     0  startup_stm32f10x_hd.o(.text)
    DMA1_Channel2_IRQHandler                 0x080001ef   Thumb Code     0  startup_stm32f10x_hd.o(.text)
    DMA1_Channel3_IRQHandler                 0x080001ef   Thumb Code     0  startup_stm32f10x_hd.o(.text)
    DMA1_Channel4_IRQHandler                 0x080001ef   Thumb Code     0  startup_stm32f10x_hd.o(.text)
    DMA1_Channel5_IRQHandler                 0x080001ef   Thumb Code     0  startup_stm32f10x_hd.o(.text)
    DMA1_Channel6_IRQHandler                 0x080001ef   Thumb Code     0  startup_stm32f10x_hd.o(.text)
    DMA1_Channel7_IRQHandler                 0x080001ef   Thumb Code     0  startup_stm32f10x_hd.o(.text)
    DMA2_Channel1_IRQHandler                 0x080001ef   Thumb Code     0  startup_stm32f10x_hd.o(.text)
    DMA2_Channel2_IRQHandler                 0x080001ef   Thumb Code     0  startup_stm32f10x_hd.o(.text)
    DMA2_Channel3_IRQHandler                 0x080001ef   Thumb Code     0  startup_stm32f10x_hd.o(.text)
    DMA2_Channel4_5_IRQHandler               0x080001ef   Thumb Code     0  startup_stm32f10x_hd.o(.text)
    EXTI0_IRQHandler                         0x080001ef   Thumb Code     0  startup_stm32f10x_hd.o(.text)
    EXTI15_10_IRQHandler                     0x080001ef   Thumb Code     0  startup_stm32f10x_hd.o(.text)
    EXTI1_IRQHandler                         0x080001ef   Thumb Code     0  startup_stm32f10x_hd.o(.text)
    EXTI2_IRQHandler                         0x080001ef   Thumb Code     0  startup_stm32f10x_hd.o(.text)
    EXTI3_IRQHandler                         0x080001ef   Thumb Code     0  startup_stm32f10x_hd.o(.text)
    EXTI4_IRQHandler                         0x080001ef   Thumb Code     0  startup_stm32f10x_hd.o(.text)
    EXTI9_5_IRQHandler                       0x080001ef   Thumb Code     0  startup_stm32f10x_hd.o(.text)
    FLASH_IRQHandler                         0x080001ef   Thumb Code     0  startup_stm32f10x_hd.o(.text)
    FSMC_IRQHandler                          0x080001ef   Thumb Code     0  startup_stm32f10x_hd.o(.text)
    I2C1_ER_IRQHandler                       0x080001ef   Thumb Code     0  startup_stm32f10x_hd.o(.text)
    I2C1_EV_IRQHandler                       0x080001ef   Thumb Code     0  startup_stm32f10x_hd.o(.text)
    I2C2_ER_IRQHandler                       0x080001ef   Thumb Code     0  startup_stm32f10x_hd.o(.text)
    I2C2_EV_IRQHandler                       0x080001ef   Thumb Code     0  startup_stm32f10x_hd.o(.text)
    PVD_IRQHandler                           0x080001ef   Thumb Code     0  startup_stm32f10x_hd.o(.text)
    RCC_IRQHandler                           0x080001ef   Thumb Code     0  startup_stm32f10x_hd.o(.text)
    RTCAlarm_IRQHandler                      0x080001ef   Thumb Code     0  startup_stm32f10x_hd.o(.text)
    RTC_IRQHandler                           0x080001ef   Thumb Code     0  startup_stm32f10x_hd.o(.text)
    SDIO_IRQHandler                          0x080001ef   Thumb Code     0  startup_stm32f10x_hd.o(.text)
    SPI1_IRQHandler                          0x080001ef   Thumb Code     0  startup_stm32f10x_hd.o(.text)
    SPI2_IRQHandler                          0x080001ef   Thumb Code     0  startup_stm32f10x_hd.o(.text)
    SPI3_IRQHandler                          0x080001ef   Thumb Code     0  startup_stm32f10x_hd.o(.text)
    TAMPER_IRQHandler                        0x080001ef   Thumb Code     0  startup_stm32f10x_hd.o(.text)
    TIM1_BRK_IRQHandler                      0x080001ef   Thumb Code     0  startup_stm32f10x_hd.o(.text)
    TIM1_CC_IRQHandler                       0x080001ef   Thumb Code     0  startup_stm32f10x_hd.o(.text)
    TIM1_TRG_COM_IRQHandler                  0x080001ef   Thumb Code     0  startup_stm32f10x_hd.o(.text)
    TIM1_UP_IRQHandler                       0x080001ef   Thumb Code     0  startup_stm32f10x_hd.o(.text)
    TIM2_IRQHandler                          0x080001ef   Thumb Code     0  startup_stm32f10x_hd.o(.text)
    TIM3_IRQHandler                          0x080001ef   Thumb Code     0  startup_stm32f10x_hd.o(.text)
    TIM4_IRQHandler                          0x080001ef   Thumb Code     0  startup_stm32f10x_hd.o(.text)
    TIM5_IRQHandler                          0x080001ef   Thumb Code     0  startup_stm32f10x_hd.o(.text)
    TIM6_IRQHandler                          0x080001ef   Thumb Code     0  startup_stm32f10x_hd.o(.text)
    TIM7_IRQHandler                          0x080001ef   Thumb Code     0  startup_stm32f10x_hd.o(.text)
    TIM8_BRK_IRQHandler                      0x080001ef   Thumb Code     0  startup_stm32f10x_hd.o(.text)
    TIM8_CC_IRQHandler                       0x080001ef   Thumb Code     0  startup_stm32f10x_hd.o(.text)
    TIM8_TRG_COM_IRQHandler                  0x080001ef   Thumb Code     0  startup_stm32f10x_hd.o(.text)
    TIM8_UP_IRQHandler                       0x080001ef   Thumb Code     0  startup_stm32f10x_hd.o(.text)
    UART4_IRQHandler                         0x080001ef   Thumb Code     0  startup_stm32f10x_hd.o(.text)
    UART5_IRQHandler                         0x080001ef   Thumb Code     0  startup_stm32f10x_hd.o(.text)
    USART2_IRQHandler                        0x080001ef   Thumb Code     0  startup_stm32f10x_hd.o(.text)
    USART3_IRQHandler                        0x080001ef   Thumb Code     0  startup_stm32f10x_hd.o(.text)
    USBWakeUp_IRQHandler                     0x080001ef   Thumb Code     0  startup_stm32f10x_hd.o(.text)
    USB_HP_CAN1_TX_IRQHandler                0x080001ef   Thumb Code     0  startup_stm32f10x_hd.o(.text)
    USB_LP_CAN1_RX0_IRQHandler               0x080001ef   Thumb Code     0  startup_stm32f10x_hd.o(.text)
    WWDG_IRQHandler                          0x080001ef   Thumb Code     0  startup_stm32f10x_hd.o(.text)
    __user_initial_stackheap                 0x080001f1   Thumb Code     0  startup_stm32f10x_hd.o(.text)
    __use_no_semihosting                     0x08000215   Thumb Code     2  use_no_semi_2.o(.text)
    __aeabi_ldivmod                          0x08000217   Thumb Code     0  llsdiv.o(.text)
    _ll_sdiv                                 0x08000217   Thumb Code    72  llsdiv.o(.text)
    __2printf                                0x08000261   Thumb Code    20  noretval__2printf.o(.text)
    _printf_int_dec                          0x08000279   Thumb Code   104  _printf_dec.o(.text)
    __printf                                 0x080002f1   Thumb Code   308  __printf_flags_wp.o(.text)
    memcmp                                   0x08000429   Thumb Code    88  memcmp.o(.text)
    __aeabi_memset                           0x08000481   Thumb Code    16  aeabi_memset.o(.text)
    __use_two_region_memory                  0x08000491   Thumb Code     2  heapauxi.o(.text)
    __rt_heap_escrow$2region                 0x08000493   Thumb Code     2  heapauxi.o(.text)
    __rt_heap_expand$2region                 0x08000495   Thumb Code     2  heapauxi.o(.text)
    __I$use$semihosting                      0x08000497   Thumb Code     0  use_no_semi.o(.text)
    __use_no_semihosting_swi                 0x08000497   Thumb Code     2  use_no_semi.o(.text)
    __aeabi_uldivmod                         0x08000499   Thumb Code     0  lludivv7m.o(.text)
    _ll_udiv                                 0x08000499   Thumb Code   238  lludivv7m.o(.text)
    __read_errno                             0x08000587   Thumb Code    10  _rserrno.o(.text)
    __set_errno                              0x08000591   Thumb Code    12  _rserrno.o(.text)
    _printf_int_common                       0x0800059d   Thumb Code   178  _printf_intcommon.o(.text)
    _printf_char_file                        0x08000651   Thumb Code    32  _printf_char_file.o(.text)
    __aeabi_memclr                           0x08000675   Thumb Code     0  rt_memclr.o(.text)
    __rt_memclr                              0x08000675   Thumb Code    68  rt_memclr.o(.text)
    _memset                                  0x08000679   Thumb Code     0  rt_memclr.o(.text)
    __aeabi_errno_addr                       0x080006b9   Thumb Code     8  rt_errno_addr_intlibspace.o(.text)
    __errno$intlibspace                      0x080006b9   Thumb Code     0  rt_errno_addr_intlibspace.o(.text)
    __rt_errno_addr$intlibspace              0x080006b9   Thumb Code     0  rt_errno_addr_intlibspace.o(.text)
    _printf_char_common                      0x080006cb   Thumb Code    32  _printf_char_common.o(.text)
    ferror                                   0x080006f1   Thumb Code     8  ferror.o(.text)
    __aeabi_memclr4                          0x080006f9   Thumb Code     0  rt_memclr_w.o(.text)
    __aeabi_memclr8                          0x080006f9   Thumb Code     0  rt_memclr_w.o(.text)
    __rt_memclr_w                            0x080006f9   Thumb Code    78  rt_memclr_w.o(.text)
    _memset_w                                0x080006fd   Thumb Code     0  rt_memclr_w.o(.text)
    __user_libspace                          0x08000749   Thumb Code     8  libspace.o(.text)
    __user_perproc_libspace                  0x08000749   Thumb Code     0  libspace.o(.text)
    __user_perthread_libspace                0x08000749   Thumb Code     0  libspace.o(.text)
    __user_setup_stackheap                   0x08000751   Thumb Code    74  sys_stackheap_outer.o(.text)
    exit                                     0x0800079b   Thumb Code    12  exit.o(.text)
    ADC_Cmd                                  0x080007a7   Thumb Code    22  stm32f10x_adc.o(i.ADC_Cmd)
    ADC_DeInit                               0x080007bd   Thumb Code    78  stm32f10x_adc.o(i.ADC_DeInit)
    ADC_GetCalibrationStatus                 0x08000819   Thumb Code    20  stm32f10x_adc.o(i.ADC_GetCalibrationStatus)
    ADC_GetConversionValue                   0x0800082d   Thumb Code     8  stm32f10x_adc.o(i.ADC_GetConversionValue)
    ADC_GetFlagStatus                        0x08000835   Thumb Code    18  stm32f10x_adc.o(i.ADC_GetFlagStatus)
    ADC_GetResetCalibrationStatus            0x08000847   Thumb Code    20  stm32f10x_adc.o(i.ADC_GetResetCalibrationStatus)
    ADC_Init                                 0x0800085d   Thumb Code    70  stm32f10x_adc.o(i.ADC_Init)
    ADC_RegularChannelConfig                 0x080008ad   Thumb Code   184  stm32f10x_adc.o(i.ADC_RegularChannelConfig)
    ADC_ResetCalibration                     0x08000965   Thumb Code    10  stm32f10x_adc.o(i.ADC_ResetCalibration)
    ADC_SoftwareStartConvCmd                 0x0800096f   Thumb Code    22  stm32f10x_adc.o(i.ADC_SoftwareStartConvCmd)
    ADC_StartCalibration                     0x08000985   Thumb Code    10  stm32f10x_adc.o(i.ADC_StartCalibration)
    Adc_Init                                 0x08000991   Thumb Code   132  adc.o(i.Adc_Init)
    BusFault_Handler                         0x08000a1d   Thumb Code     4  stm32f10x_it.o(i.BusFault_Handler)
    DebugMon_Handler                         0x08000a21   Thumb Code     2  stm32f10x_it.o(i.DebugMon_Handler)
    GPIO_Init                                0x08000a23   Thumb Code   278  stm32f10x_gpio.o(i.GPIO_Init)
    GPIO_ReadInputData                       0x08000b39   Thumb Code     8  stm32f10x_gpio.o(i.GPIO_ReadInputData)
    GPIO_SetBits                             0x08000b41   Thumb Code     4  stm32f10x_gpio.o(i.GPIO_SetBits)
    Get_Adc                                  0x08000b45   Thumb Code    46  adc.o(i.Get_Adc)
    Get_Adc_Average                          0x08000b79   Thumb Code    46  adc.o(i.Get_Adc_Average)
    HardFault_Handler                        0x08000ba7   Thumb Code     4  stm32f10x_it.o(i.HardFault_Handler)
    IIC_Ack                                  0x08000bad   Thumb Code    66  myiic.o(i.IIC_Ack)
    IIC_Init                                 0x08000bfd   Thumb Code    50  myiic.o(i.IIC_Init)
    IIC_NAck                                 0x08000c3d   Thumb Code    66  myiic.o(i.IIC_NAck)
    IIC_Read_Byte                            0x08000c8d   Thumb Code    98  myiic.o(i.IIC_Read_Byte)
    IIC_Send_Byte                            0x08000cfd   Thumb Code    90  myiic.o(i.IIC_Send_Byte)
    IIC_Start                                0x08000d65   Thumb Code    64  myiic.o(i.IIC_Start)
    IIC_Stop                                 0x08000db1   Thumb Code    62  myiic.o(i.IIC_Stop)
    IIC_Wait_Ack                             0x08000dfd   Thumb Code    86  myiic.o(i.IIC_Wait_Ack)
    IO_Init                                  0x08000e61   Thumb Code   256  io.o(i.IO_Init)
    LED_Init                                 0x08000f6d   Thumb Code    72  led.o(i.LED_Init)
    MPU_Init                                 0x08000fbd   Thumb Code   122  mpu6050.o(i.MPU_Init)
    MPU_Read_Byte                            0x08001037   Thumb Code    58  mpu6050.o(i.MPU_Read_Byte)
    MPU_Read_Len                             0x08001071   Thumb Code   116  mpu6050.o(i.MPU_Read_Len)
    MPU_Set_Accel_Fsr                        0x080010e5   Thumb Code    16  mpu6050.o(i.MPU_Set_Accel_Fsr)
    MPU_Set_Gyro_Fsr                         0x080010f5   Thumb Code    16  mpu6050.o(i.MPU_Set_Gyro_Fsr)
    MPU_Set_LPF                              0x08001105   Thumb Code    58  mpu6050.o(i.MPU_Set_LPF)
    MPU_Set_Rate                             0x0800113f   Thumb Code    58  mpu6050.o(i.MPU_Set_Rate)
    MPU_Write_Byte                           0x08001179   Thumb Code    68  mpu6050.o(i.MPU_Write_Byte)
    MPU_Write_Len                            0x080011bd   Thumb Code    96  mpu6050.o(i.MPU_Write_Len)
    MemManage_Handler                        0x0800121d   Thumb Code     4  stm32f10x_it.o(i.MemManage_Handler)
    NMI_Handler                              0x08001221   Thumb Code     2  stm32f10x_it.o(i.NMI_Handler)
    NVIC_Init                                0x08001225   Thumb Code   100  misc.o(i.NVIC_Init)
    PendSV_Handler                           0x08001295   Thumb Code     2  stm32f10x_it.o(i.PendSV_Handler)
    RCC_ADCCLKConfig                         0x08001299   Thumb Code    18  stm32f10x_rcc.o(i.RCC_ADCCLKConfig)
    RCC_APB1PeriphClockCmd                   0x080012b1   Thumb Code    26  stm32f10x_rcc.o(i.RCC_APB1PeriphClockCmd)
    RCC_APB2PeriphClockCmd                   0x080012d1   Thumb Code    26  stm32f10x_rcc.o(i.RCC_APB2PeriphClockCmd)
    RCC_APB2PeriphResetCmd                   0x080012f1   Thumb Code    26  stm32f10x_rcc.o(i.RCC_APB2PeriphResetCmd)
    RCC_GetClocksFreq                        0x08001311   Thumb Code   192  stm32f10x_rcc.o(i.RCC_GetClocksFreq)
    SVC_Handler                              0x080013e5   Thumb Code     2  stm32f10x_it.o(i.SVC_Handler)
    SysTick_CLKSourceConfig                  0x080014d1   Thumb Code    40  misc.o(i.SysTick_CLKSourceConfig)
    SysTick_Handler                          0x080014f9   Thumb Code     2  stm32f10x_it.o(i.SysTick_Handler)
    SystemInit                               0x080014fd   Thumb Code    78  system_stm32f10x.o(i.SystemInit)
    TIM1_PWM_Init                            0x0800155d   Thumb Code   194  timer.o(i.TIM1_PWM_Init)
    TIM4_PWM_Init                            0x0800162d   Thumb Code   250  timer.o(i.TIM4_PWM_Init)
    TIM_ARRPreloadConfig                     0x08001735   Thumb Code    24  stm32f10x_tim.o(i.TIM_ARRPreloadConfig)
    TIM_Cmd                                  0x0800174d   Thumb Code    24  stm32f10x_tim.o(i.TIM_Cmd)
    TIM_CtrlPWMOutputs                       0x08001765   Thumb Code    30  stm32f10x_tim.o(i.TIM_CtrlPWMOutputs)
    TIM_OC1Init                              0x08001785   Thumb Code   132  stm32f10x_tim.o(i.TIM_OC1Init)
    TIM_OC1PreloadConfig                     0x0800181d   Thumb Code    18  stm32f10x_tim.o(i.TIM_OC1PreloadConfig)
    TIM_OC3Init                              0x08001831   Thumb Code   150  stm32f10x_tim.o(i.TIM_OC3Init)
    TIM_OC3PreloadConfig                     0x080018d1   Thumb Code    18  stm32f10x_tim.o(i.TIM_OC3PreloadConfig)
    TIM_OC4Init                              0x080018e5   Thumb Code   114  stm32f10x_tim.o(i.TIM_OC4Init)
    TIM_OC4PreloadConfig                     0x08001961   Thumb Code    26  stm32f10x_tim.o(i.TIM_OC4PreloadConfig)
    TIM_SetCompare1                          0x0800197b   Thumb Code     4  stm32f10x_tim.o(i.TIM_SetCompare1)
    TIM_SetCompare3                          0x0800197f   Thumb Code     4  stm32f10x_tim.o(i.TIM_SetCompare3)
    TIM_SetCompare4                          0x08001983   Thumb Code     6  stm32f10x_tim.o(i.TIM_SetCompare4)
    TIM_TimeBaseInit                         0x08001989   Thumb Code   122  stm32f10x_tim.o(i.TIM_TimeBaseInit)
    USART1_IRQHandler                        0x08001a2d   Thumb Code    32  usart.o(i.USART1_IRQHandler)
    USART_Cmd                                0x08001a59   Thumb Code    24  stm32f10x_usart.o(i.USART_Cmd)
    USART_GetITStatus                        0x08001a71   Thumb Code    84  stm32f10x_usart.o(i.USART_GetITStatus)
    USART_ITConfig                           0x08001ac5   Thumb Code    74  stm32f10x_usart.o(i.USART_ITConfig)
    USART_Init                               0x08001b11   Thumb Code   210  stm32f10x_usart.o(i.USART_Init)
    USART_ReceiveData                        0x08001be9   Thumb Code    10  stm32f10x_usart.o(i.USART_ReceiveData)
    USART_SendData                           0x08001bf3   Thumb Code     8  stm32f10x_usart.o(i.USART_SendData)
    UsageFault_Handler                       0x08001bfb   Thumb Code     4  stm32f10x_it.o(i.UsageFault_Handler)
    __ARM_fpclassify                         0x08001bff   Thumb Code    40  fpclassify.o(i.__ARM_fpclassify)
    __kernel_poly                            0x08001c27   Thumb Code   170  poly.o(i.__kernel_poly)
    __mathlib_dbl_infnan                     0x08001cd1   Thumb Code     6  dunder.o(i.__mathlib_dbl_infnan)
    __mathlib_dbl_infnan2                    0x08001cd7   Thumb Code     4  dunder.o(i.__mathlib_dbl_infnan2)
    __mathlib_dbl_invalid                    0x08001cdb   Thumb Code    12  dunder.o(i.__mathlib_dbl_invalid)
    __mathlib_dbl_underflow                  0x08001ce9   Thumb Code    10  dunder.o(i.__mathlib_dbl_underflow)
    _is_digit                                0x08001cf9   Thumb Code    14  __printf_wp.o(i._is_digit)
    _sys_exit                                0x08001d07   Thumb Code     6  usart.o(i._sys_exit)
    asin                                     0x08001db5   Thumb Code   572  asin.o(i.asin)
    atan                                     0x08002025   Thumb Code   474  atan.o(i.atan)
    atan2                                    0x08002245   Thumb Code   346  atan2.o(i.atan2)
    dayou                                    0x080023c5   Thumb Code    62  main.o(i.dayou)
    dazuo                                    0x08002411   Thumb Code    62  main.o(i.dazuo)
    delay_init                               0x080024c1   Thumb Code    50  delay.o(i.delay_init)
    delay_ms                                 0x08002505   Thumb Code    72  delay.o(i.delay_ms)
    delay_us                                 0x08002551   Thumb Code    72  delay.o(i.delay_us)
    dmp_enable_6x_lp_quat                    0x0800259d   Thumb Code    60  inv_mpu_dmp_motion_driver.o(i.dmp_enable_6x_lp_quat)
    dmp_enable_feature                       0x080025d9   Thumb Code   530  inv_mpu_dmp_motion_driver.o(i.dmp_enable_feature)
    dmp_enable_gyro_cal                      0x080027f5   Thumb Code    62  inv_mpu_dmp_motion_driver.o(i.dmp_enable_gyro_cal)
    dmp_enable_lp_quat                       0x0800284d   Thumb Code    60  inv_mpu_dmp_motion_driver.o(i.dmp_enable_lp_quat)
    dmp_load_motion_driver_firmware          0x08002889   Thumb Code    20  inv_mpu_dmp_motion_driver.o(i.dmp_load_motion_driver_firmware)
    dmp_read_fifo                            0x080028a1   Thumb Code   456  inv_mpu_dmp_motion_driver.o(i.dmp_read_fifo)
    dmp_set_accel_bias                       0x08002a6d   Thumb Code   300  inv_mpu_dmp_motion_driver.o(i.dmp_set_accel_bias)
    dmp_set_fifo_rate                        0x08002b9d   Thumb Code    96  inv_mpu_dmp_motion_driver.o(i.dmp_set_fifo_rate)
    dmp_set_gyro_bias                        0x08002c0d   Thumb Code   294  inv_mpu_dmp_motion_driver.o(i.dmp_set_gyro_bias)
    dmp_set_orientation                      0x08002d3d   Thumb Code   290  inv_mpu_dmp_motion_driver.o(i.dmp_set_orientation)
    dmp_set_shake_reject_thresh              0x08002e75   Thumb Code    56  inv_mpu_dmp_motion_driver.o(i.dmp_set_shake_reject_thresh)
    dmp_set_shake_reject_time                0x08002ead   Thumb Code    38  inv_mpu_dmp_motion_driver.o(i.dmp_set_shake_reject_time)
    dmp_set_shake_reject_timeout             0x08002ed3   Thumb Code    38  inv_mpu_dmp_motion_driver.o(i.dmp_set_shake_reject_timeout)
    dmp_set_tap_axes                         0x08002ef9   Thumb Code    70  inv_mpu_dmp_motion_driver.o(i.dmp_set_tap_axes)
    dmp_set_tap_count                        0x08002f3f   Thumb Code    38  inv_mpu_dmp_motion_driver.o(i.dmp_set_tap_count)
    dmp_set_tap_thresh                       0x08002f65   Thumb Code   396  inv_mpu_dmp_motion_driver.o(i.dmp_set_tap_thresh)
    dmp_set_tap_time                         0x08003105   Thumb Code    38  inv_mpu_dmp_motion_driver.o(i.dmp_set_tap_time)
    dmp_set_tap_time_multi                   0x0800312b   Thumb Code    38  inv_mpu_dmp_motion_driver.o(i.dmp_set_tap_time_multi)
    fire                                     0x08003151   Thumb Code    50  pwm.o(i.fire)
    fputc                                    0x08003191   Thumb Code    24  usart.o(i.fputc)
    inv_orientation_matrix_to_scalar         0x080037e1   Thumb Code    40  inv_mpu.o(i.inv_orientation_matrix_to_scalar)
    inv_row_2_scale                          0x08003809   Thumb Code    78  inv_mpu.o(i.inv_row_2_scale)
    main                                     0x08003859   Thumb Code  1942  main.o(i.main)
    mget_ms                                  0x08004025   Thumb Code     2  inv_mpu.o(i.mget_ms)
    move                                     0x08004029   Thumb Code   170  pwm.o(i.move)
    mpu_configure_fifo                       0x080040e9   Thumb Code   106  inv_mpu.o(i.mpu_configure_fifo)
    mpu_dmp_get_data                         0x08004159   Thumb Code   544  inv_mpu.o(i.mpu_dmp_get_data)
    mpu_dmp_init                             0x0800437d   Thumb Code   150  inv_mpu.o(i.mpu_dmp_init)
    mpu_get_accel_fsr                        0x08004419   Thumb Code    72  inv_mpu.o(i.mpu_get_accel_fsr)
    mpu_get_accel_sens                       0x08004465   Thumb Code    78  inv_mpu.o(i.mpu_get_accel_sens)
    mpu_get_fifo_config                      0x080044b9   Thumb Code    12  inv_mpu.o(i.mpu_get_fifo_config)
    mpu_get_gyro_fsr                         0x080044c9   Thumb Code    64  inv_mpu.o(i.mpu_get_gyro_fsr)
    mpu_get_gyro_sens                        0x0800450d   Thumb Code    58  inv_mpu.o(i.mpu_get_gyro_sens)
    mpu_get_lpf                              0x0800455d   Thumb Code    74  inv_mpu.o(i.mpu_get_lpf)
    mpu_get_sample_rate                      0x080045ad   Thumb Code    26  inv_mpu.o(i.mpu_get_sample_rate)
    mpu_init                                 0x080045cd   Thumb Code   416  inv_mpu.o(i.mpu_init)
    mpu_load_firmware                        0x080047bd   Thumb Code   180  inv_mpu.o(i.mpu_load_firmware)
    mpu_lp_accel_mode                        0x08004875   Thumb Code   218  inv_mpu.o(i.mpu_lp_accel_mode)
    mpu_read_fifo_stream                     0x08004955   Thumb Code   186  inv_mpu.o(i.mpu_read_fifo_stream)
    mpu_read_mem                             0x08004a15   Thumb Code   122  inv_mpu.o(i.mpu_read_mem)
    mpu_reset_fifo                           0x08004a95   Thumb Code   450  inv_mpu.o(i.mpu_reset_fifo)
    mpu_run_self_test                        0x08004c5d   Thumb Code   278  inv_mpu.o(i.mpu_run_self_test)
    mpu_set_accel_fsr                        0x08004d79   Thumb Code   126  inv_mpu.o(i.mpu_set_accel_fsr)
    mpu_set_bypass                           0x08004dfd   Thumb Code   328  inv_mpu.o(i.mpu_set_bypass)
    mpu_set_dmp_state                        0x08004f49   Thumb Code   138  inv_mpu.o(i.mpu_set_dmp_state)
    mpu_set_gyro_fsr                         0x08004fd9   Thumb Code   132  inv_mpu.o(i.mpu_set_gyro_fsr)
    mpu_set_int_latched                      0x08005061   Thumb Code   102  inv_mpu.o(i.mpu_set_int_latched)
    mpu_set_lpf                              0x080050cd   Thumb Code   126  inv_mpu.o(i.mpu_set_lpf)
    mpu_set_sample_rate                      0x08005151   Thumb Code   152  inv_mpu.o(i.mpu_set_sample_rate)
    mpu_set_sensors                          0x080051ed   Thumb Code   202  inv_mpu.o(i.mpu_set_sensors)
    mpu_write_mem                            0x080052bd   Thumb Code   122  inv_mpu.o(i.mpu_write_mem)
    run_self_test                            0x0800533d   Thumb Code   148  inv_mpu.o(i.run_self_test)
    sqrt                                     0x08005461   Thumb Code    76  sqrt.o(i.sqrt)
    uart_init                                0x080054ad   Thumb Code   152  usart.o(i.uart_init)
    zhidong1                                 0x0800554d   Thumb Code   132  main.o(i.zhidong1)
    zhidong2                                 0x080055d9   Thumb Code   104  main.o(i.zhidong2)
    __aeabi_d2f                              0x08005649   Thumb Code     0  d2f.o(x$fpl$d2f)
    _d2f                                     0x08005649   Thumb Code    98  d2f.o(x$fpl$d2f)
    __aeabi_dadd                             0x080056ad   Thumb Code     0  daddsub_clz.o(x$fpl$dadd)
    _dadd                                    0x080056ad   Thumb Code   332  daddsub_clz.o(x$fpl$dadd)
    __fpl_dcheck_NaN1                        0x080057fd   Thumb Code    10  dcheck1.o(x$fpl$dcheck1)
    __aeabi_ddiv                             0x0800580d   Thumb Code     0  ddiv.o(x$fpl$ddiv)
    _ddiv                                    0x0800580d   Thumb Code   552  ddiv.o(x$fpl$ddiv)
    __aeabi_dmul                             0x08005abd   Thumb Code     0  dmul.o(x$fpl$dmul)
    _dmul                                    0x08005abd   Thumb Code   332  dmul.o(x$fpl$dmul)
    __fpl_dnaninf                            0x08005c11   Thumb Code   156  dnaninf.o(x$fpl$dnaninf)
    __fpl_dretinf                            0x08005cad   Thumb Code    12  dretinf.o(x$fpl$dretinf)
    __aeabi_drsub                            0x08005cb9   Thumb Code     0  daddsub_clz.o(x$fpl$drsb)
    _drsb                                    0x08005cb9   Thumb Code    22  daddsub_clz.o(x$fpl$drsb)
    _dsqrt                                   0x08005cd1   Thumb Code   456  dsqrt_noumaal.o(x$fpl$dsqrt)
    __aeabi_dsub                             0x08005e9d   Thumb Code     0  daddsub_clz.o(x$fpl$dsub)
    _dsub                                    0x08005e9d   Thumb Code   464  daddsub_clz.o(x$fpl$dsub)
    __aeabi_f2d                              0x08006071   Thumb Code     0  f2d.o(x$fpl$f2d)
    _f2d                                     0x08006071   Thumb Code    86  f2d.o(x$fpl$f2d)
    __aeabi_fadd                             0x080060c9   Thumb Code     0  faddsub_clz.o(x$fpl$fadd)
    _fadd                                    0x080060c9   Thumb Code   196  faddsub_clz.o(x$fpl$fadd)
    __fpl_fcmp_Inf                           0x0800618d   Thumb Code    24  fcmpi.o(x$fpl$fcmpinf)
    __aeabi_fdiv                             0x080061a5   Thumb Code     0  fdiv.o(x$fpl$fdiv)
    _fdiv                                    0x080061a5   Thumb Code   384  fdiv.o(x$fpl$fdiv)
    __aeabi_cfcmpeq                          0x08006329   Thumb Code     0  feqf.o(x$fpl$feqf)
    _fcmpeq                                  0x08006329   Thumb Code   104  feqf.o(x$fpl$feqf)
    __aeabi_f2iz                             0x08006391   Thumb Code     0  ffix.o(x$fpl$ffix)
    _ffix                                    0x08006391   Thumb Code    54  ffix.o(x$fpl$ffix)
    __aeabi_f2uiz                            0x080063c9   Thumb Code     0  ffixu.o(x$fpl$ffixu)
    _ffixu                                   0x080063c9   Thumb Code    62  ffixu.o(x$fpl$ffixu)
    __aeabi_i2f                              0x08006409   Thumb Code     0  fflt_clz.o(x$fpl$fflt)
    _fflt                                    0x08006409   Thumb Code    48  fflt_clz.o(x$fpl$fflt)
    __aeabi_ui2f                             0x08006439   Thumb Code     0  fflt_clz.o(x$fpl$ffltu)
    _ffltu                                   0x08006439   Thumb Code    38  fflt_clz.o(x$fpl$ffltu)
    __aeabi_cfcmple                          0x08006461   Thumb Code     0  fleqf.o(x$fpl$fleqf)
    _fcmple                                  0x08006461   Thumb Code   104  fleqf.o(x$fpl$fleqf)
    __fpl_fcmple_InfNaN                      0x080064b3   Thumb Code     0  fleqf.o(x$fpl$fleqf)
    __aeabi_fmul                             0x080064c9   Thumb Code     0  fmul.o(x$fpl$fmul)
    _fmul                                    0x080064c9   Thumb Code   258  fmul.o(x$fpl$fmul)
    __fpl_fnaninf                            0x080065cb   Thumb Code   140  fnaninf.o(x$fpl$fnaninf)
    __fpl_fretinf                            0x08006657   Thumb Code    10  fretinf.o(x$fpl$fretinf)
    __aeabi_cfrcmple                         0x08006661   Thumb Code     0  frleqf.o(x$fpl$frleqf)
    _frcmple                                 0x08006661   Thumb Code    98  frleqf.o(x$fpl$frleqf)
    __aeabi_fsub                             0x080066c5   Thumb Code     0  faddsub_clz.o(x$fpl$fsub)
    _fsub                                    0x080066c5   Thumb Code   234  faddsub_clz.o(x$fpl$fsub)
    __fpl_return_NaN                         0x080067af   Thumb Code   100  retnan.o(x$fpl$retnan)
    __ARM_scalbn                             0x08006813   Thumb Code    92  scalbn.o(x$fpl$scalbn)
    __fpl_cmpreturn                          0x0800686f   Thumb Code    48  trapv.o(x$fpl$trapveneer)
    __I$use$fp                               0x0800689e   Number         0  usenofp.o(x$fpl$usenofp)
    reg                                      0x080068a0   Data          27  inv_mpu.o(.constdata)
    hw                                       0x080068bc   Data          12  inv_mpu.o(.constdata)
    test                                     0x080068c8   Data          40  inv_mpu.o(.constdata)
    __mathlib_zero                           0x080075e0   Data           8  qnan.o(.constdata)
    Region$$Table$$Base                      0x08007638   Number         0  anon$$obj.o(Region$$Table)
    Region$$Table$$Limit                     0x08007658   Number         0  anon$$obj.o(Region$$Table)
    m                                        0x20000000   Data           1  main.o(.data)
    s                                        0x20000001   Data           1  main.o(.data)
    q                                        0x20000002   Data           1  main.o(.data)
    f                                        0x20000003   Data           1  main.o(.data)
    z                                        0x20000004   Data           1  main.o(.data)
    i                                        0x20000008   Data           4  main.o(.data)
    pitch                                    0x2000000c   Data           4  main.o(.data)
    roll                                     0x20000010   Data           4  main.o(.data)
    yaw                                      0x20000014   Data           4  main.o(.data)
    angle                                    0x20000018   Data           4  main.o(.data)
    SystemCoreClock                          0x2000001c   Data           4  system_stm32f10x.o(.data)
    AHBPrescTable                            0x20000020   Data          16  system_stm32f10x.o(.data)
    l                                        0x20000034   Data           1  usart.o(.data)
    __stdout                                 0x20000038   Data           4  usart.o(.data)
    USART_RX_STA                             0x2000003c   Data           2  usart.o(.data)
    res                                      0x2000003e   Data           1  usart.o(.data)
    __libspace_start                         0x2000009c   Data          96  libspace.o(.bss)
    __temporary_stack_top$libspace           0x200000fc   Data           0  libspace.o(.bss)



==============================================================================

Memory Map of the image

  Image Entry point : 0x08000131

  Load Region LR_IROM1 (Base: 0x08000000, Size: 0x000076e4, Max: 0x00040000, ABSOLUTE)

    Execution Region ER_IROM1 (Base: 0x08000000, Size: 0x00007658, Max: 0x00040000, ABSOLUTE)

    Base Addr    Size         Type   Attr      Idx    E Section Name        Object

    0x08000000   0x00000130   Data   RO          422    RESET               startup_stm32f10x_hd.o
    0x08000130   0x00000008   Code   RO         4252  * !!!main             c_w.l(__main.o)
    0x08000138   0x00000034   Code   RO         4576    !!!scatter          c_w.l(__scatter.o)
    0x0800016c   0x0000001a   Code   RO         4578    !!handler_copy      c_w.l(__scatter_copy.o)
    0x08000186   0x00000002   PAD
    0x08000188   0x0000001c   Code   RO         4580    !!handler_zi        c_w.l(__scatter_zi.o)
    0x080001a4   0x00000000   Code   RO         4245    .ARM.Collect$$_printf_percent$$00000000  c_w.l(_printf_percent.o)
    0x080001a4   0x00000006   Code   RO         4244    .ARM.Collect$$_printf_percent$$00000009  c_w.l(_printf_d.o)
    0x080001aa   0x00000004   Code   RO         4337    .ARM.Collect$$_printf_percent$$00000017  c_w.l(_printf_percent_end.o)
    0x080001ae   0x00000002   Code   RO         4444    .ARM.Collect$$libinit$$00000000  c_w.l(libinit.o)
    0x080001b0   0x00000000   Code   RO         4456    .ARM.Collect$$libinit$$00000002  c_w.l(libinit2.o)
    0x080001b0   0x00000000   Code   RO         4458    .ARM.Collect$$libinit$$00000004  c_w.l(libinit2.o)
    0x080001b0   0x00000000   Code   RO         4461    .ARM.Collect$$libinit$$0000000A  c_w.l(libinit2.o)
    0x080001b0   0x00000000   Code   RO         4463    .ARM.Collect$$libinit$$0000000C  c_w.l(libinit2.o)
    0x080001b0   0x00000000   Code   RO         4465    .ARM.Collect$$libinit$$0000000E  c_w.l(libinit2.o)
    0x080001b0   0x00000000   Code   RO         4468    .ARM.Collect$$libinit$$00000011  c_w.l(libinit2.o)
    0x080001b0   0x00000000   Code   RO         4470    .ARM.Collect$$libinit$$00000013  c_w.l(libinit2.o)
    0x080001b0   0x00000000   Code   RO         4472    .ARM.Collect$$libinit$$00000015  c_w.l(libinit2.o)
    0x080001b0   0x00000000   Code   RO         4474    .ARM.Collect$$libinit$$00000017  c_w.l(libinit2.o)
    0x080001b0   0x00000000   Code   RO         4476    .ARM.Collect$$libinit$$00000019  c_w.l(libinit2.o)
    0x080001b0   0x00000000   Code   RO         4478    .ARM.Collect$$libinit$$0000001B  c_w.l(libinit2.o)
    0x080001b0   0x00000000   Code   RO         4480    .ARM.Collect$$libinit$$0000001D  c_w.l(libinit2.o)
    0x080001b0   0x00000000   Code   RO         4482    .ARM.Collect$$libinit$$0000001F  c_w.l(libinit2.o)
    0x080001b0   0x00000000   Code   RO         4484    .ARM.Collect$$libinit$$00000021  c_w.l(libinit2.o)
    0x080001b0   0x00000000   Code   RO         4486    .ARM.Collect$$libinit$$00000023  c_w.l(libinit2.o)
    0x080001b0   0x00000000   Code   RO         4488    .ARM.Collect$$libinit$$00000025  c_w.l(libinit2.o)
    0x080001b0   0x00000000   Code   RO         4492    .ARM.Collect$$libinit$$0000002C  c_w.l(libinit2.o)
    0x080001b0   0x00000000   Code   RO         4494    .ARM.Collect$$libinit$$0000002E  c_w.l(libinit2.o)
    0x080001b0   0x00000000   Code   RO         4496    .ARM.Collect$$libinit$$00000030  c_w.l(libinit2.o)
    0x080001b0   0x00000000   Code   RO         4498    .ARM.Collect$$libinit$$00000032  c_w.l(libinit2.o)
    0x080001b0   0x00000002   Code   RO         4499    .ARM.Collect$$libinit$$00000033  c_w.l(libinit2.o)
    0x080001b2   0x00000002   Code   RO         4529    .ARM.Collect$$libshutdown$$00000000  c_w.l(libshutdown.o)
    0x080001b4   0x00000000   Code   RO         4544    .ARM.Collect$$libshutdown$$00000003  c_w.l(libshutdown2.o)
    0x080001b4   0x00000000   Code   RO         4547    .ARM.Collect$$libshutdown$$00000006  c_w.l(libshutdown2.o)
    0x080001b4   0x00000000   Code   RO         4550    .ARM.Collect$$libshutdown$$00000009  c_w.l(libshutdown2.o)
    0x080001b4   0x00000000   Code   RO         4552    .ARM.Collect$$libshutdown$$0000000B  c_w.l(libshutdown2.o)
    0x080001b4   0x00000000   Code   RO         4555    .ARM.Collect$$libshutdown$$0000000E  c_w.l(libshutdown2.o)
    0x080001b4   0x00000002   Code   RO         4556    .ARM.Collect$$libshutdown$$0000000F  c_w.l(libshutdown2.o)
    0x080001b6   0x00000000   Code   RO         4328    .ARM.Collect$$rtentry$$00000000  c_w.l(__rtentry.o)
    0x080001b6   0x00000000   Code   RO         4391    .ARM.Collect$$rtentry$$00000002  c_w.l(__rtentry2.o)
    0x080001b6   0x00000006   Code   RO         4403    .ARM.Collect$$rtentry$$00000004  c_w.l(__rtentry4.o)
    0x080001bc   0x00000000   Code   RO         4393    .ARM.Collect$$rtentry$$00000009  c_w.l(__rtentry2.o)
    0x080001bc   0x00000004   Code   RO         4394    .ARM.Collect$$rtentry$$0000000A  c_w.l(__rtentry2.o)
    0x080001c0   0x00000000   Code   RO         4396    .ARM.Collect$$rtentry$$0000000C  c_w.l(__rtentry2.o)
    0x080001c0   0x00000008   Code   RO         4397    .ARM.Collect$$rtentry$$0000000D  c_w.l(__rtentry2.o)
    0x080001c8   0x00000002   Code   RO         4449    .ARM.Collect$$rtexit$$00000000  c_w.l(rtexit.o)
    0x080001ca   0x00000000   Code   RO         4503    .ARM.Collect$$rtexit$$00000002  c_w.l(rtexit2.o)
    0x080001ca   0x00000004   Code   RO         4504    .ARM.Collect$$rtexit$$00000003  c_w.l(rtexit2.o)
    0x080001ce   0x00000006   Code   RO         4505    .ARM.Collect$$rtexit$$00000004  c_w.l(rtexit2.o)
    0x080001d4   0x00000040   Code   RO          423    .text               startup_stm32f10x_hd.o
    0x08000214   0x00000002   Code   RO         4188    .text               c_w.l(use_no_semi_2.o)
    0x08000216   0x00000048   Code   RO         4190    .text               c_w.l(llsdiv.o)
    0x0800025e   0x00000002   PAD
    0x08000260   0x00000018   Code   RO         4194    .text               c_w.l(noretval__2printf.o)
    0x08000278   0x00000078   Code   RO         4200    .text               c_w.l(_printf_dec.o)
    0x080002f0   0x00000138   Code   RO         4235    .text               c_w.l(__printf_flags_wp.o)
    0x08000428   0x00000058   Code   RO         4246    .text               c_w.l(memcmp.o)
    0x08000480   0x00000010   Code   RO         4248    .text               c_w.l(aeabi_memset.o)
    0x08000490   0x00000006   Code   RO         4250    .text               c_w.l(heapauxi.o)
    0x08000496   0x00000002   Code   RO         4326    .text               c_w.l(use_no_semi.o)
    0x08000498   0x000000ee   Code   RO         4329    .text               c_w.l(lludivv7m.o)
    0x08000586   0x00000016   Code   RO         4331    .text               c_w.l(_rserrno.o)
    0x0800059c   0x000000b2   Code   RO         4333    .text               c_w.l(_printf_intcommon.o)
    0x0800064e   0x00000002   PAD
    0x08000650   0x00000024   Code   RO         4335    .text               c_w.l(_printf_char_file.o)
    0x08000674   0x00000044   Code   RO         4338    .text               c_w.l(rt_memclr.o)
    0x080006b8   0x00000008   Code   RO         4412    .text               c_w.l(rt_errno_addr_intlibspace.o)
    0x080006c0   0x00000030   Code   RO         4414    .text               c_w.l(_printf_char_common.o)
    0x080006f0   0x00000008   Code   RO         4416    .text               c_w.l(ferror.o)
    0x080006f8   0x0000004e   Code   RO         4420    .text               c_w.l(rt_memclr_w.o)
    0x08000746   0x00000002   PAD
    0x08000748   0x00000008   Code   RO         4428    .text               c_w.l(libspace.o)
    0x08000750   0x0000004a   Code   RO         4431    .text               c_w.l(sys_stackheap_outer.o)
    0x0800079a   0x0000000c   Code   RO         4437    .text               c_w.l(exit.o)
    0x080007a6   0x00000016   Code   RO          469    i.ADC_Cmd           stm32f10x_adc.o
    0x080007bc   0x0000005c   Code   RO          471    i.ADC_DeInit        stm32f10x_adc.o
    0x08000818   0x00000014   Code   RO          477    i.ADC_GetCalibrationStatus  stm32f10x_adc.o
    0x0800082c   0x00000008   Code   RO          478    i.ADC_GetConversionValue  stm32f10x_adc.o
    0x08000834   0x00000012   Code   RO          480    i.ADC_GetFlagStatus  stm32f10x_adc.o
    0x08000846   0x00000014   Code   RO          483    i.ADC_GetResetCalibrationStatus  stm32f10x_adc.o
    0x0800085a   0x00000002   PAD
    0x0800085c   0x00000050   Code   RO          487    i.ADC_Init          stm32f10x_adc.o
    0x080008ac   0x000000b8   Code   RO          491    i.ADC_RegularChannelConfig  stm32f10x_adc.o
    0x08000964   0x0000000a   Code   RO          492    i.ADC_ResetCalibration  stm32f10x_adc.o
    0x0800096e   0x00000016   Code   RO          494    i.ADC_SoftwareStartConvCmd  stm32f10x_adc.o
    0x08000984   0x0000000a   Code   RO          496    i.ADC_StartCalibration  stm32f10x_adc.o
    0x0800098e   0x00000002   PAD
    0x08000990   0x0000008c   Code   RO         3478    i.Adc_Init          adc.o
    0x08000a1c   0x00000004   Code   RO          172    i.BusFault_Handler  stm32f10x_it.o
    0x08000a20   0x00000002   Code   RO          173    i.DebugMon_Handler  stm32f10x_it.o
    0x08000a22   0x00000116   Code   RO         1578    i.GPIO_Init         stm32f10x_gpio.o
    0x08000b38   0x00000008   Code   RO         1581    i.GPIO_ReadInputData  stm32f10x_gpio.o
    0x08000b40   0x00000004   Code   RO         1586    i.GPIO_SetBits      stm32f10x_gpio.o
    0x08000b44   0x00000034   Code   RO         3479    i.Get_Adc           adc.o
    0x08000b78   0x0000002e   Code   RO         3480    i.Get_Adc_Average   adc.o
    0x08000ba6   0x00000004   Code   RO          174    i.HardFault_Handler  stm32f10x_it.o
    0x08000baa   0x00000002   PAD
    0x08000bac   0x00000050   Code   RO         3502    i.IIC_Ack           myiic.o
    0x08000bfc   0x00000040   Code   RO         3503    i.IIC_Init          myiic.o
    0x08000c3c   0x00000050   Code   RO         3504    i.IIC_NAck          myiic.o
    0x08000c8c   0x00000070   Code   RO         3505    i.IIC_Read_Byte     myiic.o
    0x08000cfc   0x00000068   Code   RO         3506    i.IIC_Send_Byte     myiic.o
    0x08000d64   0x0000004c   Code   RO         3507    i.IIC_Start         myiic.o
    0x08000db0   0x0000004c   Code   RO         3508    i.IIC_Stop          myiic.o
    0x08000dfc   0x00000064   Code   RO         3509    i.IIC_Wait_Ack      myiic.o
    0x08000e60   0x0000010c   Code   RO         3463    i.IO_Init           io.o
    0x08000f6c   0x00000050   Code   RO         4174    i.LED_Init          led.o
    0x08000fbc   0x0000007a   Code   RO         3559    i.MPU_Init          mpu6050.o
    0x08001036   0x0000003a   Code   RO         3560    i.MPU_Read_Byte     mpu6050.o
    0x08001070   0x00000074   Code   RO         3561    i.MPU_Read_Len      mpu6050.o
    0x080010e4   0x00000010   Code   RO         3562    i.MPU_Set_Accel_Fsr  mpu6050.o
    0x080010f4   0x00000010   Code   RO         3563    i.MPU_Set_Gyro_Fsr  mpu6050.o
    0x08001104   0x0000003a   Code   RO         3564    i.MPU_Set_LPF       mpu6050.o
    0x0800113e   0x0000003a   Code   RO         3565    i.MPU_Set_Rate      mpu6050.o
    0x08001178   0x00000044   Code   RO         3566    i.MPU_Write_Byte    mpu6050.o
    0x080011bc   0x00000060   Code   RO         3567    i.MPU_Write_Len     mpu6050.o
    0x0800121c   0x00000004   Code   RO          175    i.MemManage_Handler  stm32f10x_it.o
    0x08001220   0x00000002   Code   RO          176    i.NMI_Handler       stm32f10x_it.o
    0x08001222   0x00000002   PAD
    0x08001224   0x00000070   Code   RO          427    i.NVIC_Init         misc.o
    0x08001294   0x00000002   Code   RO          177    i.PendSV_Handler    stm32f10x_it.o
    0x08001296   0x00000002   PAD
    0x08001298   0x00000018   Code   RO         1992    i.RCC_ADCCLKConfig  stm32f10x_rcc.o
    0x080012b0   0x00000020   Code   RO         1994    i.RCC_APB1PeriphClockCmd  stm32f10x_rcc.o
    0x080012d0   0x00000020   Code   RO         1996    i.RCC_APB2PeriphClockCmd  stm32f10x_rcc.o
    0x080012f0   0x00000020   Code   RO         1997    i.RCC_APB2PeriphResetCmd  stm32f10x_rcc.o
    0x08001310   0x000000d4   Code   RO         2004    i.RCC_GetClocksFreq  stm32f10x_rcc.o
    0x080013e4   0x00000002   Code   RO          178    i.SVC_Handler       stm32f10x_it.o
    0x080013e6   0x00000008   Code   RO          261    i.SetSysClock       system_stm32f10x.o
    0x080013ee   0x00000002   PAD
    0x080013f0   0x000000e0   Code   RO          262    i.SetSysClockTo72   system_stm32f10x.o
    0x080014d0   0x00000028   Code   RO          431    i.SysTick_CLKSourceConfig  misc.o
    0x080014f8   0x00000002   Code   RO          179    i.SysTick_Handler   stm32f10x_it.o
    0x080014fa   0x00000002   PAD
    0x080014fc   0x00000060   Code   RO          264    i.SystemInit        system_stm32f10x.o
    0x0800155c   0x000000d0   Code   RO         3445    i.TIM1_PWM_Init     timer.o
    0x0800162c   0x00000108   Code   RO         3446    i.TIM4_PWM_Init     timer.o
    0x08001734   0x00000018   Code   RO         2616    i.TIM_ARRPreloadConfig  stm32f10x_tim.o
    0x0800174c   0x00000018   Code   RO         2628    i.TIM_Cmd           stm32f10x_tim.o
    0x08001764   0x0000001e   Code   RO         2630    i.TIM_CtrlPWMOutputs  stm32f10x_tim.o
    0x08001782   0x00000002   PAD
    0x08001784   0x00000098   Code   RO         2657    i.TIM_OC1Init       stm32f10x_tim.o
    0x0800181c   0x00000012   Code   RO         2660    i.TIM_OC1PreloadConfig  stm32f10x_tim.o
    0x0800182e   0x00000002   PAD
    0x08001830   0x000000a0   Code   RO         2667    i.TIM_OC3Init       stm32f10x_tim.o
    0x080018d0   0x00000012   Code   RO         2670    i.TIM_OC3PreloadConfig  stm32f10x_tim.o
    0x080018e2   0x00000002   PAD
    0x080018e4   0x0000007c   Code   RO         2672    i.TIM_OC4Init       stm32f10x_tim.o
    0x08001960   0x0000001a   Code   RO         2674    i.TIM_OC4PreloadConfig  stm32f10x_tim.o
    0x0800197a   0x00000004   Code   RO         2689    i.TIM_SetCompare1   stm32f10x_tim.o
    0x0800197e   0x00000004   Code   RO         2691    i.TIM_SetCompare3   stm32f10x_tim.o
    0x08001982   0x00000006   Code   RO         2692    i.TIM_SetCompare4   stm32f10x_tim.o
    0x08001988   0x000000a4   Code   RO         2699    i.TIM_TimeBaseInit  stm32f10x_tim.o
    0x08001a2c   0x0000002c   Code   RO          350    i.USART1_IRQHandler  usart.o
    0x08001a58   0x00000018   Code   RO         3164    i.USART_Cmd         stm32f10x_usart.o
    0x08001a70   0x00000054   Code   RO         3168    i.USART_GetITStatus  stm32f10x_usart.o
    0x08001ac4   0x0000004a   Code   RO         3170    i.USART_ITConfig    stm32f10x_usart.o
    0x08001b0e   0x00000002   PAD
    0x08001b10   0x000000d8   Code   RO         3171    i.USART_Init        stm32f10x_usart.o
    0x08001be8   0x0000000a   Code   RO         3178    i.USART_ReceiveData  stm32f10x_usart.o
    0x08001bf2   0x00000008   Code   RO         3181    i.USART_SendData    stm32f10x_usart.o
    0x08001bfa   0x00000004   Code   RO          180    i.UsageFault_Handler  stm32f10x_it.o
    0x08001bfe   0x00000028   Code   RO         4377    i.__ARM_fpclassify  m_ws.l(fpclassify.o)
    0x08001c26   0x000000aa   Code   RO         4379    i.__kernel_poly     m_ws.l(poly.o)
    0x08001cd0   0x00000006   Code   RO         4364    i.__mathlib_dbl_infnan  m_ws.l(dunder.o)
    0x08001cd6   0x00000004   Code   RO         4365    i.__mathlib_dbl_infnan2  m_ws.l(dunder.o)
    0x08001cda   0x0000000c   Code   RO         4366    i.__mathlib_dbl_invalid  m_ws.l(dunder.o)
    0x08001ce6   0x00000002   PAD
    0x08001ce8   0x00000010   Code   RO         4369    i.__mathlib_dbl_underflow  m_ws.l(dunder.o)
    0x08001cf8   0x0000000e   Code   RO         4233    i._is_digit         c_w.l(__printf_wp.o)
    0x08001d06   0x00000006   Code   RO          353    i._sys_exit         usart.o
    0x08001d0c   0x000000a8   Code   RO         3634    i.accel_self_test   inv_mpu.o
    0x08001db4   0x00000270   Code   RO         4309    i.asin              m_ws.l(asin.o)
    0x08002024   0x00000220   Code   RO         4354    i.atan              m_ws.l(atan.o)
    0x08002244   0x00000180   Code   RO         4319    i.atan2             m_ws.l(atan2.o)
    0x080023c4   0x0000004c   Code   RO            1    i.dayou             main.o
    0x08002410   0x0000004c   Code   RO            2    i.dazuo             main.o
    0x0800245c   0x00000064   Code   RO         3988    i.decode_gesture    inv_mpu_dmp_motion_driver.o
    0x080024c0   0x00000044   Code   RO          295    i.delay_init        delay.o
    0x08002504   0x0000004c   Code   RO          296    i.delay_ms          delay.o
    0x08002550   0x0000004c   Code   RO          297    i.delay_us          delay.o
    0x0800259c   0x0000003c   Code   RO         3989    i.dmp_enable_6x_lp_quat  inv_mpu_dmp_motion_driver.o
    0x080025d8   0x0000021c   Code   RO         3990    i.dmp_enable_feature  inv_mpu_dmp_motion_driver.o
    0x080027f4   0x00000058   Code   RO         3991    i.dmp_enable_gyro_cal  inv_mpu_dmp_motion_driver.o
    0x0800284c   0x0000003c   Code   RO         3992    i.dmp_enable_lp_quat  inv_mpu_dmp_motion_driver.o
    0x08002888   0x00000018   Code   RO         3997    i.dmp_load_motion_driver_firmware  inv_mpu_dmp_motion_driver.o
    0x080028a0   0x000001cc   Code   RO         3998    i.dmp_read_fifo     inv_mpu_dmp_motion_driver.o
    0x08002a6c   0x00000130   Code   RO         4001    i.dmp_set_accel_bias  inv_mpu_dmp_motion_driver.o
    0x08002b9c   0x00000070   Code   RO         4002    i.dmp_set_fifo_rate  inv_mpu_dmp_motion_driver.o
    0x08002c0c   0x00000130   Code   RO         4003    i.dmp_set_gyro_bias  inv_mpu_dmp_motion_driver.o
    0x08002d3c   0x00000138   Code   RO         4005    i.dmp_set_orientation  inv_mpu_dmp_motion_driver.o
    0x08002e74   0x00000038   Code   RO         4008    i.dmp_set_shake_reject_thresh  inv_mpu_dmp_motion_driver.o
    0x08002eac   0x00000026   Code   RO         4009    i.dmp_set_shake_reject_time  inv_mpu_dmp_motion_driver.o
    0x08002ed2   0x00000026   Code   RO         4010    i.dmp_set_shake_reject_timeout  inv_mpu_dmp_motion_driver.o
    0x08002ef8   0x00000046   Code   RO         4011    i.dmp_set_tap_axes  inv_mpu_dmp_motion_driver.o
    0x08002f3e   0x00000026   Code   RO         4012    i.dmp_set_tap_count  inv_mpu_dmp_motion_driver.o
    0x08002f64   0x000001a0   Code   RO         4013    i.dmp_set_tap_thresh  inv_mpu_dmp_motion_driver.o
    0x08003104   0x00000026   Code   RO         4014    i.dmp_set_tap_time  inv_mpu_dmp_motion_driver.o
    0x0800312a   0x00000026   Code   RO         4015    i.dmp_set_tap_time_multi  inv_mpu_dmp_motion_driver.o
    0x08003150   0x00000040   Code   RO         3394    i.fire              pwm.o
    0x08003190   0x0000001c   Code   RO          354    i.fputc             usart.o
    0x080031ac   0x000000b4   Code   RO         3635    i.get_accel_prod_shift  inv_mpu.o
    0x08003260   0x00000470   Code   RO         3636    i.get_st_biases     inv_mpu.o
    0x080036d0   0x00000110   Code   RO         3637    i.gyro_self_test    inv_mpu.o
    0x080037e0   0x00000028   Code   RO         3638    i.inv_orientation_matrix_to_scalar  inv_mpu.o
    0x08003808   0x0000004e   Code   RO         3639    i.inv_row_2_scale   inv_mpu.o
    0x08003856   0x00000002   PAD
    0x08003858   0x000007cc   Code   RO            3    i.main              main.o
    0x08004024   0x00000002   Code   RO         3640    i.mget_ms           inv_mpu.o
    0x08004026   0x00000002   PAD
    0x08004028   0x000000c0   Code   RO         3395    i.move              pwm.o
    0x080040e8   0x00000070   Code   RO         3641    i.mpu_configure_fifo  inv_mpu.o
    0x08004158   0x00000224   Code   RO         3642    i.mpu_dmp_get_data  inv_mpu.o
    0x0800437c   0x0000009c   Code   RO         3643    i.mpu_dmp_init      inv_mpu.o
    0x08004418   0x0000004c   Code   RO         3644    i.mpu_get_accel_fsr  inv_mpu.o
    0x08004464   0x00000054   Code   RO         3646    i.mpu_get_accel_sens  inv_mpu.o
    0x080044b8   0x00000010   Code   RO         3651    i.mpu_get_fifo_config  inv_mpu.o
    0x080044c8   0x00000044   Code   RO         3652    i.mpu_get_gyro_fsr  inv_mpu.o
    0x0800450c   0x00000050   Code   RO         3654    i.mpu_get_gyro_sens  inv_mpu.o
    0x0800455c   0x00000050   Code   RO         3656    i.mpu_get_lpf       inv_mpu.o
    0x080045ac   0x00000020   Code   RO         3658    i.mpu_get_sample_rate  inv_mpu.o
    0x080045cc   0x000001f0   Code   RO         3660    i.mpu_init          inv_mpu.o
    0x080047bc   0x000000b8   Code   RO         3661    i.mpu_load_firmware  inv_mpu.o
    0x08004874   0x000000e0   Code   RO         3662    i.mpu_lp_accel_mode  inv_mpu.o
    0x08004954   0x000000c0   Code   RO         3665    i.mpu_read_fifo_stream  inv_mpu.o
    0x08004a14   0x00000080   Code   RO         3666    i.mpu_read_mem      inv_mpu.o
    0x08004a94   0x000001c8   Code   RO         3669    i.mpu_reset_fifo    inv_mpu.o
    0x08004c5c   0x0000011c   Code   RO         3670    i.mpu_run_self_test  inv_mpu.o
    0x08004d78   0x00000084   Code   RO         3672    i.mpu_set_accel_fsr  inv_mpu.o
    0x08004dfc   0x0000014c   Code   RO         3673    i.mpu_set_bypass    inv_mpu.o
    0x08004f48   0x00000090   Code   RO         3675    i.mpu_set_dmp_state  inv_mpu.o
    0x08004fd8   0x00000088   Code   RO         3676    i.mpu_set_gyro_fsr  inv_mpu.o
    0x08005060   0x0000006c   Code   RO         3677    i.mpu_set_int_latched  inv_mpu.o
    0x080050cc   0x00000084   Code   RO         3679    i.mpu_set_lpf       inv_mpu.o
    0x08005150   0x0000009c   Code   RO         3680    i.mpu_set_sample_rate  inv_mpu.o
    0x080051ec   0x000000d0   Code   RO         3681    i.mpu_set_sensors   inv_mpu.o
    0x080052bc   0x00000080   Code   RO         3682    i.mpu_write_mem     inv_mpu.o
    0x0800533c   0x00000094   Code   RO         3683    i.run_self_test     inv_mpu.o
    0x080053d0   0x00000090   Code   RO         3684    i.set_int_enable    inv_mpu.o
    0x08005460   0x0000004c   Code   RO         4383    i.sqrt              m_ws.l(sqrt.o)
    0x080054ac   0x000000a0   Code   RO          356    i.uart_init         usart.o
    0x0800554c   0x0000008c   Code   RO            4    i.zhidong1          main.o
    0x080055d8   0x00000070   Code   RO            5    i.zhidong2          main.o
    0x08005648   0x00000062   Code   RO         4254    x$fpl$d2f           fz_ws.l(d2f.o)
    0x080056aa   0x00000002   PAD
    0x080056ac   0x00000150   Code   RO         4256    x$fpl$dadd          fz_ws.l(daddsub_clz.o)
    0x080057fc   0x00000010   Code   RO         4422    x$fpl$dcheck1       fz_ws.l(dcheck1.o)
    0x0800580c   0x000002b0   Code   RO         4263    x$fpl$ddiv          fz_ws.l(ddiv.o)
    0x08005abc   0x00000154   Code   RO         4272    x$fpl$dmul          fz_ws.l(dmul.o)
    0x08005c10   0x0000009c   Code   RO         4340    x$fpl$dnaninf       fz_ws.l(dnaninf.o)
    0x08005cac   0x0000000c   Code   RO         4342    x$fpl$dretinf       fz_ws.l(dretinf.o)
    0x08005cb8   0x00000016   Code   RO         4257    x$fpl$drsb          fz_ws.l(daddsub_clz.o)
    0x08005cce   0x00000002   PAD
    0x08005cd0   0x000001cc   Code   RO         4426    x$fpl$dsqrt         fz_ws.l(dsqrt_noumaal.o)
    0x08005e9c   0x000001d4   Code   RO         4258    x$fpl$dsub          fz_ws.l(daddsub_clz.o)
    0x08006070   0x00000056   Code   RO         4274    x$fpl$f2d           fz_ws.l(f2d.o)
    0x080060c6   0x00000002   PAD
    0x080060c8   0x000000c4   Code   RO         4276    x$fpl$fadd          fz_ws.l(faddsub_clz.o)
    0x0800618c   0x00000018   Code   RO         4344    x$fpl$fcmpinf       fz_ws.l(fcmpi.o)
    0x080061a4   0x00000184   Code   RO         4283    x$fpl$fdiv          fz_ws.l(fdiv.o)
    0x08006328   0x00000068   Code   RO         4286    x$fpl$feqf          fz_ws.l(feqf.o)
    0x08006390   0x00000036   Code   RO         4288    x$fpl$ffix          fz_ws.l(ffix.o)
    0x080063c6   0x00000002   PAD
    0x080063c8   0x0000003e   Code   RO         4292    x$fpl$ffixu         fz_ws.l(ffixu.o)
    0x08006406   0x00000002   PAD
    0x08006408   0x00000030   Code   RO         4297    x$fpl$fflt          fz_ws.l(fflt_clz.o)
    0x08006438   0x00000026   Code   RO         4296    x$fpl$ffltu         fz_ws.l(fflt_clz.o)
    0x0800645e   0x00000002   PAD
    0x08006460   0x00000068   Code   RO         4302    x$fpl$fleqf         fz_ws.l(fleqf.o)
    0x080064c8   0x00000102   Code   RO         4304    x$fpl$fmul          fz_ws.l(fmul.o)
    0x080065ca   0x0000008c   Code   RO         4346    x$fpl$fnaninf       fz_ws.l(fnaninf.o)
    0x08006656   0x0000000a   Code   RO         4348    x$fpl$fretinf       fz_ws.l(fretinf.o)
    0x08006660   0x00000062   Code   RO         4306    x$fpl$frleqf        fz_ws.l(frleqf.o)
    0x080066c2   0x00000002   PAD
    0x080066c4   0x000000ea   Code   RO         4278    x$fpl$fsub          fz_ws.l(faddsub_clz.o)
    0x080067ae   0x00000064   Code   RO         4447    x$fpl$retnan        fz_ws.l(retnan.o)
    0x08006812   0x0000005c   Code   RO         4350    x$fpl$scalbn        fz_ws.l(scalbn.o)
    0x0800686e   0x00000030   Code   RO         4500    x$fpl$trapveneer    fz_ws.l(trapv.o)
    0x0800689e   0x00000000   Code   RO         4352    x$fpl$usenofp       fz_ws.l(usenofp.o)
    0x0800689e   0x00000002   PAD
    0x080068a0   0x00000050   Data   RO         3686    .constdata          inv_mpu.o
    0x080068f0   0x00000bf6   Data   RO         4017    .constdata          inv_mpu_dmp_motion_driver.o
    0x080074e6   0x00000011   Data   RO         4236    .constdata          c_w.l(__printf_flags_wp.o)
    0x080074f7   0x00000001   PAD
    0x080074f8   0x00000050   Data   RO         4310    .constdata          m_ws.l(asin.o)
    0x08007548   0x00000098   Data   RO         4355    .constdata          m_ws.l(atan.o)
    0x080075e0   0x00000008   Data   RO         4381    .constdata          m_ws.l(qnan.o)
    0x080075e8   0x0000004d   Data   RO         3687    .conststring        inv_mpu.o
    0x08007635   0x00000003   PAD
    0x08007638   0x00000020   Data   RO         4574    Region$$Table       anon$$obj.o


    Execution Region RW_IRAM1 (Base: 0x20000000, Size: 0x00000700, Max: 0x0000c000, ABSOLUTE)

    Base Addr    Size         Type   Attr      Idx    E Section Name        Object

    0x20000000   0x0000001c   Data   RW            6    .data               main.o
    0x2000001c   0x00000014   Data   RW          265    .data               system_stm32f10x.o
    0x20000030   0x00000004   Data   RW          298    .data               delay.o
    0x20000034   0x0000000b   Data   RW          358    .data               usart.o
    0x2000003f   0x00000014   Data   RW         2024    .data               stm32f10x_rcc.o
    0x20000053   0x00000001   PAD
    0x20000054   0x00000035   Data   RW         3688    .data               inv_mpu.o
    0x20000089   0x00000003   PAD
    0x2000008c   0x00000010   Zero   RW         4016    .bss                inv_mpu_dmp_motion_driver.o
    0x2000009c   0x00000060   Zero   RW         4429    .bss                c_w.l(libspace.o)
    0x200000fc   0x00000004   PAD
    0x20000100   0x00000200   Zero   RW          421    HEAP                startup_stm32f10x_hd.o
    0x20000300   0x00000400   Zero   RW          420    STACK               startup_stm32f10x_hd.o


==============================================================================

Image component sizes


      Code (inc. data)   RO Data    RW Data    ZI Data      Debug   Object Name

       238         14          0          0          0       1907   adc.o
       220         26          0          4          0       1923   delay.o
      6860        290        157         53          0     235972   inv_mpu.o
      3096        122       3062          0         16      21738   inv_mpu_dmp_motion_driver.o
       268         12          0          0          0        658   io.o
        80          8          0          0          0        559   led.o
      2400        170          0         28          0     266592   main.o
       152         12          0          0          0       1642   misc.o
       608          0          0          0          0       6631   mpu6050.o
       692        110          0          0          0       4662   myiic.o
       256         36          0          0          0       1250   pwm.o
        64         26        304          0       1536        828   startup_stm32f10x_hd.o
       486         24          0          0          0       8942   stm32f10x_adc.o
       290          0          0          0          0       3156   stm32f10x_gpio.o
        26          0          0          0          0       4230   stm32f10x_it.o
       332         44          0         20          0       5810   stm32f10x_rcc.o
       754         82          0          0          0       8862   stm32f10x_tim.o
       416          6          0          0          0       5735   stm32f10x_usart.o
         0          0          0          0          0         32   sys.o
       328         28          0         20          0       2377   system_stm32f10x.o
       472         28          0          0          0       1656   timer.o
       238         24          0         11          0       4418   usart.o

    ----------------------------------------------------------------------
     18302       1062       3558        140       1552     589580   Object Totals
         0          0         32          0          0          0   (incl. Generated)
        26          0          3          4          0          0   (incl. Padding)

    ----------------------------------------------------------------------

      Code (inc. data)   RO Data    RW Data    ZI Data      Debug   Library Member Name

         8          0          0          0          0         68   __main.o
       312          4         17          0          0         92   __printf_flags_wp.o
        14          0          0          0          0         68   __printf_wp.o
         0          0          0          0          0          0   __rtentry.o
        12          0          0          0          0          0   __rtentry2.o
         6          0          0          0          0          0   __rtentry4.o
        52          8          0          0          0          0   __scatter.o
        26          0          0          0          0          0   __scatter_copy.o
        28          0          0          0          0          0   __scatter_zi.o
        48          6          0          0          0         96   _printf_char_common.o
        36          4          0          0          0         80   _printf_char_file.o
         6          0          0          0          0          0   _printf_d.o
       120         16          0          0          0         92   _printf_dec.o
       178          0          0          0          0         88   _printf_intcommon.o
         0          0          0          0          0          0   _printf_percent.o
         4          0          0          0          0          0   _printf_percent_end.o
        22          0          0          0          0        100   _rserrno.o
        16          0          0          0          0         68   aeabi_memset.o
        12          0          0          0          0         72   exit.o
         8          0          0          0          0         68   ferror.o
         6          0          0          0          0        152   heapauxi.o
         2          0          0          0          0          0   libinit.o
         2          0          0          0          0          0   libinit2.o
         2          0          0          0          0          0   libshutdown.o
         2          0          0          0          0          0   libshutdown2.o
         8          4          0          0         96         68   libspace.o
        72          0          0          0          0         76   llsdiv.o
       238          0          0          0          0        100   lludivv7m.o
        88          0          0          0          0         76   memcmp.o
        24          4          0          0          0         84   noretval__2printf.o
         8          4          0          0          0         68   rt_errno_addr_intlibspace.o
        68          0          0          0          0         68   rt_memclr.o
        78          0          0          0          0         80   rt_memclr_w.o
         2          0          0          0          0          0   rtexit.o
        10          0          0          0          0          0   rtexit2.o
        74          0          0          0          0         80   sys_stackheap_outer.o
         2          0          0          0          0         68   use_no_semi.o
         2          0          0          0          0         68   use_no_semi_2.o
        98          4          0          0          0         92   d2f.o
       826         16          0          0          0        348   daddsub_clz.o
        16          4          0          0          0         68   dcheck1.o
       688        140          0          0          0        208   ddiv.o
       340         12          0          0          0        104   dmul.o
       156          4          0          0          0         92   dnaninf.o
        12          0          0          0          0         68   dretinf.o
       460         56          0          0          0        120   dsqrt_noumaal.o
        86          4          0          0          0         84   f2d.o
       430          8          0          0          0        168   faddsub_clz.o
        24          0          0          0          0         68   fcmpi.o
       388         76          0          0          0         96   fdiv.o
       104          4          0          0          0         84   feqf.o
        54          4          0          0          0         84   ffix.o
        62          4          0          0          0         84   ffixu.o
        86          0          0          0          0        136   fflt_clz.o
       104          4          0          0          0         84   fleqf.o
       258          4          0          0          0         84   fmul.o
       140          4          0          0          0         84   fnaninf.o
        10          0          0          0          0         68   fretinf.o
        98          0          0          0          0         68   frleqf.o
       100          0          0          0          0         68   retnan.o
        92          0          0          0          0         68   scalbn.o
        48          0          0          0          0         68   trapv.o
         0          0          0          0          0          0   usenofp.o
       624         52         80          0          0        168   asin.o
       544         70        152          0          0        124   atan.o
       384         38          0          0          0        144   atan2.o
        38          6          0          0          0        272   dunder.o
        40          0          0          0          0         68   fpclassify.o
       170          0          0          0          0         96   poly.o
         0          0          8          0          0          0   qnan.o
        76          0          0          0          0         84   sqrt.o

    ----------------------------------------------------------------------
      8178        564        258          0        100       5332   Library Totals
        26          0          1          0          4          0   (incl. Padding)

    ----------------------------------------------------------------------

      Code (inc. data)   RO Data    RW Data    ZI Data      Debug   Library Name

      1596         50         17          0         96       1880   c_w.l
      4680        348          0          0          0       2496   fz_ws.l
      1876        166        240          0          0        956   m_ws.l

    ----------------------------------------------------------------------
      8178        564        258          0        100       5332   Library Totals

    ----------------------------------------------------------------------

==============================================================================


      Code (inc. data)   RO Data    RW Data    ZI Data      Debug   

     26480       1626       3816        140       1652     584716   Grand Totals
     26480       1626       3816        140       1652     584716   ELF Image Totals
     26480       1626       3816        140          0          0   ROM Totals

==============================================================================

    Total RO  Size (Code + RO Data)                30296 (  29.59kB)
    Total RW  Size (RW Data + ZI Data)              1792 (   1.75kB)
    Total ROM Size (Code + RO Data + RW Data)      30436 (  29.72kB)

==============================================================================

